ACKNOWLEDGEMENTS
AUTHORS
CHANGES
CONTRIBUTING
Configurations/00-base-templates.conf
Configurations/10-main.conf
Configurations/15-android.conf
Configurations/15-ios.conf
Configurations/50-djgpp.conf
Configurations/50-haiku.conf
Configurations/50-masm.conf
Configurations/50-win-onecore.conf
Configurations/INTERNALS.Configure
Configurations/README
Configurations/README.design
Configurations/common.tmpl
Configurations/common0.tmpl
Configurations/descrip.mms.tmpl
Configurations/shared-info.pl
Configurations/unix-Makefile.tmpl
Configurations/unix-checker.pm
Configurations/windows-checker.pm
Configurations/windows-makefile.tmpl
Configure
FAQ
INSTALL
LICENSE.OpenSSL
NEWS
NOTES.PERL
NOTES.WIN
README.ENGINE
README.FIPS
README.OpenSSL
apps/CA.pl.in
apps/app_rand.c
apps/apps.c
apps/apps.h
apps/asn1pars.c
apps/bf_prefix.c
apps/build.info
apps/ca-cert.srl
apps/ca-key.pem
apps/ca-req.pem
apps/ca.c
apps/cert.pem
apps/ciphers.c
apps/client.pem
apps/cms.c
apps/crl.c
apps/crl2p7.c
apps/ct_log_list.cnf
apps/demoSRP/srp_verifier.txt
apps/demoSRP/srp_verifier.txt.attr
apps/dgst.c
apps/dh1024.pem
apps/dh2048.pem
apps/dh4096.pem
apps/dhparam.c
apps/dsa-ca.pem
apps/dsa-pca.pem
apps/dsa.c
apps/dsa1024.pem
apps/dsa512.pem
apps/dsap.pem
apps/dsaparam.c
apps/ec.c
apps/ecparam.c
apps/enc.c
apps/engine.c
apps/errstr.c
apps/gendsa.c
apps/genpkey.c
apps/genrsa.c
apps/nseq.c
apps/ocsp.c
apps/openssl-vms.cnf
apps/openssl.c
apps/openssl.cnf
apps/opt.c
apps/passwd.c
apps/pca-cert.srl
apps/pca-key.pem
apps/pca-req.pem
apps/pkcs12.c
apps/pkcs7.c
apps/pkcs8.c
apps/pkey.c
apps/pkeyparam.c
apps/pkeyutl.c
apps/prime.c
apps/privkey.pem
apps/progs.pl
apps/rand.c
apps/rehash.c
apps/req.c
apps/req.pem
apps/rsa.c
apps/rsa8192.pem
apps/rsautl.c
apps/s1024key.pem
apps/s1024req.pem
apps/s512-key.pem
apps/s512-req.pem
apps/s_apps.h
apps/s_cb.c
apps/s_client.c
apps/s_server.c
apps/s_socket.c
apps/s_time.c
apps/server.pem
apps/server.srl
apps/server2.pem
apps/sess_id.c
apps/smime.c
apps/speed.c
apps/spkac.c
apps/srp.c
apps/storeutl.c
apps/testCA.pem
apps/testdsa.h
apps/testrsa.h
apps/timeouts.h
apps/ts.c
apps/tsget.in
apps/verify.c
apps/version.c
apps/vms_decc_init.c
apps/vms_term_sock.c
apps/vms_term_sock.h
apps/win32_init.c
apps/x509.c
build.info
config
crypto/LPdir_nyi.c
crypto/LPdir_unix.c
crypto/LPdir_vms.c
crypto/LPdir_win.c
crypto/LPdir_win32.c
crypto/LPdir_wince.c
crypto/aes/aes_cbc.c
crypto/aes/aes_cfb.c
crypto/aes/aes_core.c
crypto/aes/aes_ecb.c
crypto/aes/aes_ige.c
crypto/aes/aes_local.h
crypto/aes/aes_misc.c
crypto/aes/aes_ofb.c
crypto/aes/aes_wrap.c
crypto/aes/aes_x86core.c
crypto/aes/asm/aes-armv4.pl
crypto/aes/asm/aes-c64xplus.pl
crypto/aes/asm/aes-ia64.S
crypto/aes/asm/aes-mips.pl
crypto/aes/asm/aes-parisc.pl
crypto/aes/asm/aes-ppc.pl
crypto/aes/asm/aes-s390x.pl
crypto/aes/asm/aes-sparcv9.pl
crypto/aes/asm/aesfx-sparcv9.pl
crypto/aes/asm/aesni-mb-x86_64.pl
crypto/aes/asm/aesni-sha1-x86_64.pl
crypto/aes/asm/aesni-sha256-x86_64.pl
crypto/aes/asm/aesni-x86.pl
crypto/aes/asm/aesni-x86_64.pl
crypto/aes/asm/aesp8-ppc.pl
crypto/aes/asm/aest4-sparcv9.pl
crypto/aes/asm/aesv8-armx.pl
crypto/aes/asm/bsaes-armv7.pl
crypto/aes/asm/vpaes-armv8.pl
crypto/aes/asm/vpaes-ppc.pl
crypto/aes/asm/vpaes-x86.pl
crypto/aes/asm/vpaes-x86_64.pl
crypto/aes/build.info
crypto/alphacpuid.pl
crypto/aria/aria.c
crypto/aria/build.info
crypto/arm64cpuid.pl
crypto/arm_arch.h
crypto/armcap.c
crypto/armv4cpuid.pl
crypto/asn1/a_bitstr.c
crypto/asn1/a_d2i_fp.c
crypto/asn1/a_digest.c
crypto/asn1/a_dup.c
crypto/asn1/a_gentm.c
crypto/asn1/a_i2d_fp.c
crypto/asn1/a_int.c
crypto/asn1/a_mbstr.c
crypto/asn1/a_object.c
crypto/asn1/a_octet.c
crypto/asn1/a_print.c
crypto/asn1/a_sign.c
crypto/asn1/a_strex.c
crypto/asn1/a_strnid.c
crypto/asn1/a_time.c
crypto/asn1/a_type.c
crypto/asn1/a_utctm.c
crypto/asn1/a_utf8.c
crypto/asn1/a_verify.c
crypto/asn1/ameth_lib.c
crypto/asn1/asn1_err.c
crypto/asn1/asn1_gen.c
crypto/asn1/asn1_item_list.c
crypto/asn1/asn1_item_list.h
crypto/asn1/asn1_lib.c
crypto/asn1/asn1_local.h
crypto/asn1/asn1_par.c
crypto/asn1/asn_mime.c
crypto/asn1/asn_moid.c
crypto/asn1/asn_mstbl.c
crypto/asn1/asn_pack.c
crypto/asn1/bio_asn1.c
crypto/asn1/bio_ndef.c
crypto/asn1/build.info
crypto/asn1/charmap.h
crypto/asn1/charmap.pl
crypto/asn1/d2i_pr.c
crypto/asn1/d2i_pu.c
crypto/asn1/evp_asn1.c
crypto/asn1/f_int.c
crypto/asn1/f_string.c
crypto/asn1/i2d_pr.c
crypto/asn1/i2d_pu.c
crypto/asn1/n_pkey.c
crypto/asn1/nsseq.c
crypto/asn1/p5_pbe.c
crypto/asn1/p5_pbev2.c
crypto/asn1/p5_scrypt.c
crypto/asn1/p8_pkey.c
crypto/asn1/standard_methods.h
crypto/asn1/t_bitst.c
crypto/asn1/t_pkey.c
crypto/asn1/t_spki.c
crypto/asn1/tasn_dec.c
crypto/asn1/tasn_enc.c
crypto/asn1/tasn_fre.c
crypto/asn1/tasn_new.c
crypto/asn1/tasn_prn.c
crypto/asn1/tasn_scn.c
crypto/asn1/tasn_typ.c
crypto/asn1/tasn_utl.c
crypto/asn1/tbl_standard.h
crypto/asn1/x_algor.c
crypto/asn1/x_bignum.c
crypto/asn1/x_info.c
crypto/asn1/x_int64.c
crypto/asn1/x_long.c
crypto/asn1/x_pkey.c
crypto/asn1/x_sig.c
crypto/asn1/x_spki.c
crypto/asn1/x_val.c
crypto/async/arch/async_null.c
crypto/async/arch/async_null.h
crypto/async/arch/async_posix.c
crypto/async/arch/async_posix.h
crypto/async/arch/async_win.c
crypto/async/arch/async_win.h
crypto/async/async.c
crypto/async/async_err.c
crypto/async/async_local.h
crypto/async/async_wait.c
crypto/async/build.info
crypto/bf/asm/bf-586.pl
crypto/bf/bf_cfb64.c
crypto/bf/bf_ecb.c
crypto/bf/bf_enc.c
crypto/bf/bf_local.h
crypto/bf/bf_ofb64.c
crypto/bf/bf_pi.h
crypto/bf/bf_skey.c
crypto/bf/build.info
crypto/bio/b_addr.c
crypto/bio/b_dump.c
crypto/bio/b_print.c
crypto/bio/b_sock.c
crypto/bio/b_sock2.c
crypto/bio/bf_buff.c
crypto/bio/bf_lbuf.c
crypto/bio/bf_nbio.c
crypto/bio/bf_null.c
crypto/bio/bio_cb.c
crypto/bio/bio_err.c
crypto/bio/bio_lib.c
crypto/bio/bio_local.h
crypto/bio/bio_meth.c
crypto/bio/bss_acpt.c
crypto/bio/bss_bio.c
crypto/bio/bss_conn.c
crypto/bio/bss_dgram.c
crypto/bio/bss_fd.c
crypto/bio/bss_file.c
crypto/bio/bss_log.c
crypto/bio/bss_mem.c
crypto/bio/bss_null.c
crypto/bio/bss_sock.c
crypto/bio/build.info
crypto/blake2/blake2_impl.h
crypto/blake2/blake2_local.h
crypto/blake2/blake2b.c
crypto/blake2/blake2s.c
crypto/blake2/build.info
crypto/blake2/m_blake2b.c
crypto/blake2/m_blake2s.c
crypto/bn/README.pod
crypto/bn/asm/alpha-mont.pl
crypto/bn/asm/armv4-gf2m.pl
crypto/bn/asm/armv4-mont.pl
crypto/bn/asm/armv8-mont.pl
crypto/bn/asm/bn-586.pl
crypto/bn/asm/bn-c64xplus.asm
crypto/bn/asm/c64xplus-gf2m.pl
crypto/bn/asm/co-586.pl
crypto/bn/asm/ia64-mont.pl
crypto/bn/asm/ia64.S
crypto/bn/asm/mips-mont.pl
crypto/bn/asm/mips.pl
crypto/bn/asm/parisc-mont.pl
crypto/bn/asm/ppc-mont.pl
crypto/bn/asm/ppc.pl
crypto/bn/asm/ppc64-mont.pl
crypto/bn/asm/rsaz-avx2.pl
crypto/bn/asm/rsaz-x86_64.pl
crypto/bn/asm/s390x-gf2m.pl
crypto/bn/asm/s390x-mont.pl
crypto/bn/asm/s390x.S
crypto/bn/asm/sparct4-mont.pl
crypto/bn/asm/sparcv8.S
crypto/bn/asm/sparcv8plus.S
crypto/bn/asm/sparcv9-gf2m.pl
crypto/bn/asm/sparcv9-mont.pl
crypto/bn/asm/sparcv9a-mont.pl
crypto/bn/asm/via-mont.pl
crypto/bn/asm/vis3-mont.pl
crypto/bn/asm/x86-gf2m.pl
crypto/bn/asm/x86-mont.pl
crypto/bn/asm/x86_64-gcc.c
crypto/bn/asm/x86_64-gf2m.pl
crypto/bn/asm/x86_64-mont.pl
crypto/bn/asm/x86_64-mont5.pl
crypto/bn/bn_add.c
crypto/bn/bn_asm.c
crypto/bn/bn_blind.c
crypto/bn/bn_const.c
crypto/bn/bn_ctx.c
crypto/bn/bn_depr.c
crypto/bn/bn_dh.c
crypto/bn/bn_div.c
crypto/bn/bn_err.c
crypto/bn/bn_exp.c
crypto/bn/bn_exp2.c
crypto/bn/bn_gcd.c
crypto/bn/bn_gf2m.c
crypto/bn/bn_intern.c
crypto/bn/bn_kron.c
crypto/bn/bn_lib.c
crypto/bn/bn_local.h
crypto/bn/bn_mod.c
crypto/bn/bn_mont.c
crypto/bn/bn_mpi.c
crypto/bn/bn_mul.c
crypto/bn/bn_nist.c
crypto/bn/bn_prime.c
crypto/bn/bn_prime.h
crypto/bn/bn_prime.pl
crypto/bn/bn_print.c
crypto/bn/bn_rand.c
crypto/bn/bn_recp.c
crypto/bn/bn_shift.c
crypto/bn/bn_sqr.c
crypto/bn/bn_sqrt.c
crypto/bn/bn_srp.c
crypto/bn/bn_word.c
crypto/bn/bn_x931p.c
crypto/bn/build.info
crypto/bn/rsaz_exp.c
crypto/bn/rsaz_exp.h
crypto/buffer/buf_err.c
crypto/buffer/buffer.c
crypto/buffer/build.info
crypto/build.info
crypto/c64xpluscpuid.pl
crypto/camellia/asm/cmll-x86.pl
crypto/camellia/asm/cmll-x86_64.pl
crypto/camellia/asm/cmllt4-sparcv9.pl
crypto/camellia/build.info
crypto/camellia/camellia.c
crypto/camellia/cmll_cbc.c
crypto/camellia/cmll_cfb.c
crypto/camellia/cmll_ctr.c
crypto/camellia/cmll_ecb.c
crypto/camellia/cmll_local.h
crypto/camellia/cmll_misc.c
crypto/camellia/cmll_ofb.c
crypto/cast/asm/cast-586.pl
crypto/cast/build.info
crypto/cast/c_cfb64.c
crypto/cast/c_ecb.c
crypto/cast/c_enc.c
crypto/cast/c_ofb64.c
crypto/cast/c_skey.c
crypto/cast/cast_local.h
crypto/cast/cast_s.h
crypto/chacha/asm/chacha-armv4.pl
crypto/chacha/asm/chacha-armv8.pl
crypto/chacha/asm/chacha-c64xplus.pl
crypto/chacha/asm/chacha-ppc.pl
crypto/chacha/asm/chacha-s390x.pl
crypto/chacha/asm/chacha-x86.pl
crypto/chacha/asm/chacha-x86_64.pl
crypto/chacha/build.info
crypto/chacha/chacha_enc.c
crypto/cmac/build.info
crypto/cmac/cm_ameth.c
crypto/cmac/cm_pmeth.c
crypto/cmac/cmac.c
crypto/cms/build.info
crypto/cms/cms_asn1.c
crypto/cms/cms_att.c
crypto/cms/cms_cd.c
crypto/cms/cms_dd.c
crypto/cms/cms_enc.c
crypto/cms/cms_env.c
crypto/cms/cms_err.c
crypto/cms/cms_ess.c
crypto/cms/cms_io.c
crypto/cms/cms_kari.c
crypto/cms/cms_lib.c
crypto/cms/cms_local.h
crypto/cms/cms_pwri.c
crypto/cms/cms_sd.c
crypto/cms/cms_smime.c
crypto/comp/build.info
crypto/comp/c_zlib.c
crypto/comp/comp_err.c
crypto/comp/comp_lib.c
crypto/comp/comp_local.h
crypto/conf/build.info
crypto/conf/conf_api.c
crypto/conf/conf_def.c
crypto/conf/conf_def.h
crypto/conf/conf_err.c
crypto/conf/conf_lib.c
crypto/conf/conf_local.h
crypto/conf/conf_mall.c
crypto/conf/conf_mod.c
crypto/conf/conf_sap.c
crypto/conf/conf_ssl.c
crypto/conf/keysets.pl
crypto/cpt_err.c
crypto/cryptlib.c
crypto/ct/build.info
crypto/ct/ct_b64.c
crypto/ct/ct_err.c
crypto/ct/ct_local.h
crypto/ct/ct_log.c
crypto/ct/ct_oct.c
crypto/ct/ct_policy.c
crypto/ct/ct_prn.c
crypto/ct/ct_sct.c
crypto/ct/ct_sct_ctx.c
crypto/ct/ct_vfy.c
crypto/ct/ct_x509v3.c
crypto/ctype.c
crypto/cversion.c
crypto/des/asm/crypt586.pl
crypto/des/asm/des-586.pl
crypto/des/asm/des_enc.m4
crypto/des/asm/desboth.pl
crypto/des/asm/dest4-sparcv9.pl
crypto/des/build.info
crypto/des/cbc_cksm.c
crypto/des/cbc_enc.c
crypto/des/cfb64ede.c
crypto/des/cfb64enc.c
crypto/des/cfb_enc.c
crypto/des/des_enc.c
crypto/des/des_local.h
crypto/des/ecb3_enc.c
crypto/des/ecb_enc.c
crypto/des/fcrypt.c
crypto/des/fcrypt_b.c
crypto/des/ncbc_enc.c
crypto/des/ofb64ede.c
crypto/des/ofb64enc.c
crypto/des/ofb_enc.c
crypto/des/pcbc_enc.c
crypto/des/qud_cksm.c
crypto/des/rand_key.c
crypto/des/set_key.c
crypto/des/spr.h
crypto/des/str2key.c
crypto/des/xcbc_enc.c
crypto/dh/build.info
crypto/dh/dh1024.pem
crypto/dh/dh192.pem
crypto/dh/dh2048.pem
crypto/dh/dh4096.pem
crypto/dh/dh512.pem
crypto/dh/dh_ameth.c
crypto/dh/dh_asn1.c
crypto/dh/dh_check.c
crypto/dh/dh_depr.c
crypto/dh/dh_err.c
crypto/dh/dh_gen.c
crypto/dh/dh_kdf.c
crypto/dh/dh_key.c
crypto/dh/dh_lib.c
crypto/dh/dh_local.h
crypto/dh/dh_meth.c
crypto/dh/dh_pmeth.c
crypto/dh/dh_prn.c
crypto/dh/dh_rfc5114.c
crypto/dh/dh_rfc7919.c
crypto/dllmain.c
crypto/dsa/build.info
crypto/dsa/dsa_ameth.c
crypto/dsa/dsa_asn1.c
crypto/dsa/dsa_depr.c
crypto/dsa/dsa_err.c
crypto/dsa/dsa_gen.c
crypto/dsa/dsa_key.c
crypto/dsa/dsa_lib.c
crypto/dsa/dsa_local.h
crypto/dsa/dsa_meth.c
crypto/dsa/dsa_ossl.c
crypto/dsa/dsa_pmeth.c
crypto/dsa/dsa_prn.c
crypto/dsa/dsa_sign.c
crypto/dsa/dsa_vrf.c
crypto/dso/build.info
crypto/dso/dso_dl.c
crypto/dso/dso_dlfcn.c
crypto/dso/dso_err.c
crypto/dso/dso_lib.c
crypto/dso/dso_local.h
crypto/dso/dso_openssl.c
crypto/dso/dso_vms.c
crypto/dso/dso_win32.c
crypto/ebcdic.c
crypto/ec/asm/ecp_nistz256-armv4.pl
crypto/ec/asm/ecp_nistz256-armv8.pl
crypto/ec/asm/ecp_nistz256-ppc64.pl
crypto/ec/asm/ecp_nistz256-sparcv9.pl
crypto/ec/asm/ecp_nistz256-x86.pl
crypto/ec/asm/ecp_nistz256-x86_64.pl
crypto/ec/asm/x25519-ppc64.pl
crypto/ec/asm/x25519-x86_64.pl
crypto/ec/build.info
crypto/ec/curve25519.c
crypto/ec/curve448/arch_32/arch_intrinsics.h
crypto/ec/curve448/arch_32/f_impl.c
crypto/ec/curve448/arch_32/f_impl.h
crypto/ec/curve448/curve448.c
crypto/ec/curve448/curve448_local.h
crypto/ec/curve448/curve448_tables.c
crypto/ec/curve448/curve448utils.h
crypto/ec/curve448/ed448.h
crypto/ec/curve448/eddsa.c
crypto/ec/curve448/f_generic.c
crypto/ec/curve448/field.h
crypto/ec/curve448/point_448.h
crypto/ec/curve448/scalar.c
crypto/ec/curve448/word.h
crypto/ec/ec2_oct.c
crypto/ec/ec2_smpl.c
crypto/ec/ec_ameth.c
crypto/ec/ec_asn1.c
crypto/ec/ec_check.c
crypto/ec/ec_curve.c
crypto/ec/ec_cvt.c
crypto/ec/ec_err.c
crypto/ec/ec_key.c
crypto/ec/ec_kmeth.c
crypto/ec/ec_lib.c
crypto/ec/ec_local.h
crypto/ec/ec_mult.c
crypto/ec/ec_oct.c
crypto/ec/ec_pmeth.c
crypto/ec/ec_print.c
crypto/ec/ecdh_kdf.c
crypto/ec/ecdh_ossl.c
crypto/ec/ecdsa_ossl.c
crypto/ec/ecdsa_sign.c
crypto/ec/ecdsa_vrf.c
crypto/ec/eck_prn.c
crypto/ec/ecp_mont.c
crypto/ec/ecp_nist.c
crypto/ec/ecp_nistp224.c
crypto/ec/ecp_nistp256.c
crypto/ec/ecp_nistp521.c
crypto/ec/ecp_nistputil.c
crypto/ec/ecp_nistz256.c
crypto/ec/ecp_nistz256_table.c
crypto/ec/ecp_oct.c
crypto/ec/ecp_smpl.c
crypto/ec/ecx_meth.c
crypto/engine/README
crypto/engine/build.info
crypto/engine/eng_all.c
crypto/engine/eng_cnf.c
crypto/engine/eng_ctrl.c
crypto/engine/eng_devcrypto.c
crypto/engine/eng_dyn.c
crypto/engine/eng_err.c
crypto/engine/eng_fat.c
crypto/engine/eng_init.c
crypto/engine/eng_lib.c
crypto/engine/eng_list.c
crypto/engine/eng_local.h
crypto/engine/eng_openssl.c
crypto/engine/eng_pkey.c
crypto/engine/eng_rdrand.c
crypto/engine/eng_table.c
crypto/engine/tb_asnmth.c
crypto/engine/tb_cipher.c
crypto/engine/tb_dh.c
crypto/engine/tb_digest.c
crypto/engine/tb_dsa.c
crypto/engine/tb_eckey.c
crypto/engine/tb_pkmeth.c
crypto/engine/tb_rand.c
crypto/engine/tb_rsa.c
crypto/err/README
crypto/err/build.info
crypto/err/err.c
crypto/err/err_all.c
crypto/err/err_prn.c
crypto/err/openssl.ec
crypto/err/openssl.txt
crypto/evp/bio_b64.c
crypto/evp/bio_enc.c
crypto/evp/bio_md.c
crypto/evp/bio_ok.c
crypto/evp/build.info
crypto/evp/c_allc.c
crypto/evp/c_alld.c
crypto/evp/cmeth_lib.c
crypto/evp/digest.c
crypto/evp/e_aes.c
crypto/evp/e_aes_cbc_hmac_sha1.c
crypto/evp/e_aes_cbc_hmac_sha256.c
crypto/evp/e_aria.c
crypto/evp/e_bf.c
crypto/evp/e_camellia.c
crypto/evp/e_cast.c
crypto/evp/e_chacha20_poly1305.c
crypto/evp/e_des.c
crypto/evp/e_des3.c
crypto/evp/e_idea.c
crypto/evp/e_null.c
crypto/evp/e_old.c
crypto/evp/e_rc2.c
crypto/evp/e_rc4.c
crypto/evp/e_rc4_hmac_md5.c
crypto/evp/e_rc5.c
crypto/evp/e_seed.c
crypto/evp/e_sm4.c
crypto/evp/e_xcbc_d.c
crypto/evp/encode.c
crypto/evp/evp_cnf.c
crypto/evp/evp_enc.c
crypto/evp/evp_err.c
crypto/evp/evp_key.c
crypto/evp/evp_lib.c
crypto/evp/evp_local.h
crypto/evp/evp_pbe.c
crypto/evp/evp_pkey.c
crypto/evp/m_md2.c
crypto/evp/m_md4.c
crypto/evp/m_md5.c
crypto/evp/m_md5_sha1.c
crypto/evp/m_mdc2.c
crypto/evp/m_null.c
crypto/evp/m_ripemd.c
crypto/evp/m_sha1.c
crypto/evp/m_sha3.c
crypto/evp/m_sigver.c
crypto/evp/m_wp.c
crypto/evp/names.c
crypto/evp/p5_crpt.c
crypto/evp/p5_crpt2.c
crypto/evp/p_dec.c
crypto/evp/p_enc.c
crypto/evp/p_lib.c
crypto/evp/p_open.c
crypto/evp/p_seal.c
crypto/evp/p_sign.c
crypto/evp/p_verify.c
crypto/evp/pbe_scrypt.c
crypto/evp/pmeth_fn.c
crypto/evp/pmeth_gn.c
crypto/evp/pmeth_lib.c
crypto/ex_data.c
crypto/getenv.c
crypto/hmac/build.info
crypto/hmac/hm_ameth.c
crypto/hmac/hm_pmeth.c
crypto/hmac/hmac.c
crypto/hmac/hmac_local.h
crypto/ia64cpuid.S
crypto/idea/build.info
crypto/idea/i_cbc.c
crypto/idea/i_cfb64.c
crypto/idea/i_ecb.c
crypto/idea/i_ofb64.c
crypto/idea/i_skey.c
crypto/idea/idea_local.h
crypto/init.c
crypto/kdf/build.info
crypto/kdf/hkdf.c
crypto/kdf/kdf_err.c
crypto/kdf/scrypt.c
crypto/kdf/tls1_prf.c
crypto/lhash/build.info
crypto/lhash/lh_stats.c
crypto/lhash/lhash.c
crypto/lhash/lhash_local.h
crypto/md2/build.info
crypto/md2/md2_dgst.c
crypto/md2/md2_one.c
crypto/md4/build.info
crypto/md4/md4_dgst.c
crypto/md4/md4_local.h
crypto/md4/md4_one.c
crypto/md5/asm/md5-586.pl
crypto/md5/asm/md5-sparcv9.pl
crypto/md5/asm/md5-x86_64.pl
crypto/md5/build.info
crypto/md5/md5_dgst.c
crypto/md5/md5_local.h
crypto/md5/md5_one.c
crypto/mdc2/build.info
crypto/mdc2/mdc2_one.c
crypto/mdc2/mdc2dgst.c
crypto/mem.c
crypto/mem_clr.c
crypto/mem_dbg.c
crypto/mem_sec.c
crypto/mips_arch.h
crypto/modes/asm/aesni-gcm-x86_64.pl
crypto/modes/asm/ghash-alpha.pl
crypto/modes/asm/ghash-armv4.pl
crypto/modes/asm/ghash-c64xplus.pl
crypto/modes/asm/ghash-ia64.pl
crypto/modes/asm/ghash-parisc.pl
crypto/modes/asm/ghash-s390x.pl
crypto/modes/asm/ghash-sparcv9.pl
crypto/modes/asm/ghash-x86.pl
crypto/modes/asm/ghash-x86_64.pl
crypto/modes/asm/ghashp8-ppc.pl
crypto/modes/asm/ghashv8-armx.pl
crypto/modes/build.info
crypto/modes/cbc128.c
crypto/modes/ccm128.c
crypto/modes/cfb128.c
crypto/modes/ctr128.c
crypto/modes/cts128.c
crypto/modes/gcm128.c
crypto/modes/modes_local.h
crypto/modes/ocb128.c
crypto/modes/ofb128.c
crypto/modes/wrap128.c
crypto/modes/xts128.c
crypto/o_dir.c
crypto/o_fips.c
crypto/o_fopen.c
crypto/o_init.c
crypto/o_str.c
crypto/o_time.c
crypto/objects/README
crypto/objects/build.info
crypto/objects/o_names.c
crypto/objects/obj_dat.c
crypto/objects/obj_dat.h
crypto/objects/obj_dat.pl
crypto/objects/obj_err.c
crypto/objects/obj_lib.c
crypto/objects/obj_local.h
crypto/objects/obj_mac.num
crypto/objects/obj_xref.c
crypto/objects/obj_xref.h
crypto/objects/obj_xref.txt
crypto/objects/objects.pl
crypto/objects/objects.txt
crypto/objects/objxref.pl
crypto/ocsp/build.info
crypto/ocsp/ocsp_asn.c
crypto/ocsp/ocsp_cl.c
crypto/ocsp/ocsp_err.c
crypto/ocsp/ocsp_ext.c
crypto/ocsp/ocsp_ht.c
crypto/ocsp/ocsp_lib.c
crypto/ocsp/ocsp_local.h
crypto/ocsp/ocsp_prn.c
crypto/ocsp/ocsp_srv.c
crypto/ocsp/ocsp_vfy.c
crypto/ocsp/v3_ocsp.c
crypto/pariscid.pl
crypto/pem/build.info
crypto/pem/pem_all.c
crypto/pem/pem_err.c
crypto/pem/pem_info.c
crypto/pem/pem_lib.c
crypto/pem/pem_oth.c
crypto/pem/pem_pk8.c
crypto/pem/pem_pkey.c
crypto/pem/pem_sign.c
crypto/pem/pem_x509.c
crypto/pem/pem_xaux.c
crypto/pem/pvkfmt.c
crypto/perlasm/README
crypto/perlasm/arm-xlate.pl
crypto/perlasm/cbc.pl
crypto/perlasm/ppc-xlate.pl
crypto/perlasm/sparcv9_modes.pl
crypto/perlasm/x86_64-xlate.pl
crypto/perlasm/x86asm.pl
crypto/perlasm/x86gas.pl
crypto/perlasm/x86masm.pl
crypto/perlasm/x86nasm.pl
crypto/pkcs12/build.info
crypto/pkcs12/p12_add.c
crypto/pkcs12/p12_asn.c
crypto/pkcs12/p12_attr.c
crypto/pkcs12/p12_crpt.c
crypto/pkcs12/p12_crt.c
crypto/pkcs12/p12_decr.c
crypto/pkcs12/p12_init.c
crypto/pkcs12/p12_key.c
crypto/pkcs12/p12_kiss.c
crypto/pkcs12/p12_local.h
crypto/pkcs12/p12_mutl.c
crypto/pkcs12/p12_npas.c
crypto/pkcs12/p12_p8d.c
crypto/pkcs12/p12_p8e.c
crypto/pkcs12/p12_sbag.c
crypto/pkcs12/p12_utl.c
crypto/pkcs12/pk12err.c
crypto/pkcs7/bio_pk7.c
crypto/pkcs7/build.info
crypto/pkcs7/pk7_asn1.c
crypto/pkcs7/pk7_attr.c
crypto/pkcs7/pk7_doit.c
crypto/pkcs7/pk7_lib.c
crypto/pkcs7/pk7_mime.c
crypto/pkcs7/pk7_smime.c
crypto/pkcs7/pkcs7err.c
crypto/poly1305/asm/poly1305-armv4.pl
crypto/poly1305/asm/poly1305-armv8.pl
crypto/poly1305/asm/poly1305-c64xplus.pl
crypto/poly1305/asm/poly1305-mips.pl
crypto/poly1305/asm/poly1305-ppc.pl
crypto/poly1305/asm/poly1305-ppcfp.pl
crypto/poly1305/asm/poly1305-s390x.pl
crypto/poly1305/asm/poly1305-sparcv9.pl
crypto/poly1305/asm/poly1305-x86.pl
crypto/poly1305/asm/poly1305-x86_64.pl
crypto/poly1305/build.info
crypto/poly1305/poly1305.c
crypto/poly1305/poly1305_ameth.c
crypto/poly1305/poly1305_base2_44.c
crypto/poly1305/poly1305_ieee754.c
crypto/poly1305/poly1305_local.h
crypto/poly1305/poly1305_pmeth.c
crypto/ppc_arch.h
crypto/ppccap.c
crypto/ppccpuid.pl
crypto/rand/build.info
crypto/rand/drbg_ctr.c
crypto/rand/drbg_lib.c
crypto/rand/rand_egd.c
crypto/rand/rand_err.c
crypto/rand/rand_lib.c
crypto/rand/rand_local.h
crypto/rand/rand_unix.c
crypto/rand/rand_vms.c
crypto/rand/rand_win.c
crypto/rand/randfile.c
crypto/rc2/build.info
crypto/rc2/rc2_cbc.c
crypto/rc2/rc2_ecb.c
crypto/rc2/rc2_local.h
crypto/rc2/rc2_skey.c
crypto/rc2/rc2cfb64.c
crypto/rc2/rc2ofb64.c
crypto/rc4/asm/rc4-586.pl
crypto/rc4/asm/rc4-c64xplus.pl
crypto/rc4/asm/rc4-md5-x86_64.pl
crypto/rc4/asm/rc4-parisc.pl
crypto/rc4/asm/rc4-s390x.pl
crypto/rc4/asm/rc4-x86_64.pl
crypto/rc4/build.info
crypto/rc4/rc4_enc.c
crypto/rc4/rc4_local.h
crypto/rc4/rc4_skey.c
crypto/rc5/asm/rc5-586.pl
crypto/rc5/build.info
crypto/rc5/rc5_ecb.c
crypto/rc5/rc5_enc.c
crypto/rc5/rc5_local.h
crypto/rc5/rc5_skey.c
crypto/rc5/rc5cfb64.c
crypto/rc5/rc5ofb64.c
crypto/ripemd/asm/rmd-586.pl
crypto/ripemd/build.info
crypto/ripemd/rmd_dgst.c
crypto/ripemd/rmd_local.h
crypto/ripemd/rmd_one.c
crypto/ripemd/rmdconst.h
crypto/rsa/build.info
crypto/rsa/rsa_ameth.c
crypto/rsa/rsa_asn1.c
crypto/rsa/rsa_chk.c
crypto/rsa/rsa_crpt.c
crypto/rsa/rsa_depr.c
crypto/rsa/rsa_err.c
crypto/rsa/rsa_gen.c
crypto/rsa/rsa_lib.c
crypto/rsa/rsa_local.h
crypto/rsa/rsa_meth.c
crypto/rsa/rsa_mp.c
crypto/rsa/rsa_none.c
crypto/rsa/rsa_oaep.c
crypto/rsa/rsa_ossl.c
crypto/rsa/rsa_pk1.c
crypto/rsa/rsa_pmeth.c
crypto/rsa/rsa_prn.c
crypto/rsa/rsa_pss.c
crypto/rsa/rsa_saos.c
crypto/rsa/rsa_sign.c
crypto/rsa/rsa_ssl.c
crypto/rsa/rsa_x931.c
crypto/rsa/rsa_x931g.c
crypto/s390x_arch.h
crypto/s390xcap.c
crypto/s390xcpuid.pl
crypto/seed/build.info
crypto/seed/seed.c
crypto/seed/seed_cbc.c
crypto/seed/seed_cfb.c
crypto/seed/seed_ecb.c
crypto/seed/seed_local.h
crypto/seed/seed_ofb.c
crypto/sha/asm/keccak1600-armv4.pl
crypto/sha/asm/keccak1600-armv8.pl
crypto/sha/asm/keccak1600-avx2.pl
crypto/sha/asm/keccak1600-avx512.pl
crypto/sha/asm/keccak1600-avx512vl.pl
crypto/sha/asm/keccak1600-c64x.pl
crypto/sha/asm/keccak1600-mmx.pl
crypto/sha/asm/keccak1600-ppc64.pl
crypto/sha/asm/keccak1600-s390x.pl
crypto/sha/asm/keccak1600-x86_64.pl
crypto/sha/asm/keccak1600p8-ppc.pl
crypto/sha/asm/sha1-586.pl
crypto/sha/asm/sha1-alpha.pl
crypto/sha/asm/sha1-armv4-large.pl
crypto/sha/asm/sha1-armv8.pl
crypto/sha/asm/sha1-c64xplus.pl
crypto/sha/asm/sha1-ia64.pl
crypto/sha/asm/sha1-mb-x86_64.pl
crypto/sha/asm/sha1-mips.pl
crypto/sha/asm/sha1-parisc.pl
crypto/sha/asm/sha1-ppc.pl
crypto/sha/asm/sha1-s390x.pl
crypto/sha/asm/sha1-sparcv9.pl
crypto/sha/asm/sha1-sparcv9a.pl
crypto/sha/asm/sha1-thumb.pl
crypto/sha/asm/sha1-x86_64.pl
crypto/sha/asm/sha256-586.pl
crypto/sha/asm/sha256-armv4.pl
crypto/sha/asm/sha256-c64xplus.pl
crypto/sha/asm/sha256-mb-x86_64.pl
crypto/sha/asm/sha512-586.pl
crypto/sha/asm/sha512-armv4.pl
crypto/sha/asm/sha512-armv8.pl
crypto/sha/asm/sha512-c64xplus.pl
crypto/sha/asm/sha512-ia64.pl
crypto/sha/asm/sha512-mips.pl
crypto/sha/asm/sha512-parisc.pl
crypto/sha/asm/sha512-ppc.pl
crypto/sha/asm/sha512-s390x.pl
crypto/sha/asm/sha512-sparcv9.pl
crypto/sha/asm/sha512-x86_64.pl
crypto/sha/asm/sha512p8-ppc.pl
crypto/sha/build.info
crypto/sha/keccak1600.c
crypto/sha/sha1_one.c
crypto/sha/sha1dgst.c
crypto/sha/sha256.c
crypto/sha/sha512.c
crypto/sha/sha_local.h
crypto/siphash/build.info
crypto/siphash/siphash.c
crypto/siphash/siphash_ameth.c
crypto/siphash/siphash_local.h
crypto/siphash/siphash_pmeth.c
crypto/sm2/build.info
crypto/sm2/sm2_crypt.c
crypto/sm2/sm2_err.c
crypto/sm2/sm2_pmeth.c
crypto/sm2/sm2_sign.c
crypto/sm3/build.info
crypto/sm3/m_sm3.c
crypto/sm3/sm3.c
crypto/sm3/sm3_local.h
crypto/sm4/build.info
crypto/sm4/sm4.c
crypto/sparc_arch.h
crypto/sparccpuid.S
crypto/sparcv9cap.c
crypto/srp/build.info
crypto/srp/srp_lib.c
crypto/srp/srp_vfy.c
crypto/stack/build.info
crypto/stack/stack.c
crypto/store/build.info
crypto/store/loader_file.c
crypto/store/store_err.c
crypto/store/store_init.c
crypto/store/store_lib.c
crypto/store/store_local.h
crypto/store/store_register.c
crypto/store/store_strings.c
crypto/threads_none.c
crypto/threads_pthread.c
crypto/threads_win.c
crypto/ts/build.info
crypto/ts/ts_asn1.c
crypto/ts/ts_conf.c
crypto/ts/ts_err.c
crypto/ts/ts_lib.c
crypto/ts/ts_local.h
crypto/ts/ts_req_print.c
crypto/ts/ts_req_utils.c
crypto/ts/ts_rsp_print.c
crypto/ts/ts_rsp_sign.c
crypto/ts/ts_rsp_utils.c
crypto/ts/ts_rsp_verify.c
crypto/ts/ts_verify_ctx.c
crypto/txt_db/build.info
crypto/txt_db/txt_db.c
crypto/ui/build.info
crypto/ui/ui_err.c
crypto/ui/ui_lib.c
crypto/ui/ui_local.h
crypto/ui/ui_null.c
crypto/ui/ui_openssl.c
crypto/ui/ui_util.c
crypto/uid.c
crypto/vms_rms.h
crypto/whrlpool/asm/wp-mmx.pl
crypto/whrlpool/asm/wp-x86_64.pl
crypto/whrlpool/build.info
crypto/whrlpool/wp_block.c
crypto/whrlpool/wp_dgst.c
crypto/whrlpool/wp_local.h
crypto/x509/build.info
crypto/x509/by_dir.c
crypto/x509/by_file.c
crypto/x509/t_crl.c
crypto/x509/t_req.c
crypto/x509/t_x509.c
crypto/x509/x509_att.c
crypto/x509/x509_cmp.c
crypto/x509/x509_d2.c
crypto/x509/x509_def.c
crypto/x509/x509_err.c
crypto/x509/x509_ext.c
crypto/x509/x509_local.h
crypto/x509/x509_lu.c
crypto/x509/x509_meth.c
crypto/x509/x509_obj.c
crypto/x509/x509_r2x.c
crypto/x509/x509_req.c
crypto/x509/x509_set.c
crypto/x509/x509_trs.c
crypto/x509/x509_txt.c
crypto/x509/x509_v3.c
crypto/x509/x509_vfy.c
crypto/x509/x509_vpm.c
crypto/x509/x509cset.c
crypto/x509/x509name.c
crypto/x509/x509rset.c
crypto/x509/x509spki.c
crypto/x509/x509type.c
crypto/x509/x_all.c
crypto/x509/x_attrib.c
crypto/x509/x_crl.c
crypto/x509/x_exten.c
crypto/x509/x_name.c
crypto/x509/x_pubkey.c
crypto/x509/x_req.c
crypto/x509/x_x509.c
crypto/x509/x_x509a.c
crypto/x509v3/build.info
crypto/x509v3/ext_dat.h
crypto/x509v3/pcy_cache.c
crypto/x509v3/pcy_data.c
crypto/x509v3/pcy_lib.c
crypto/x509v3/pcy_local.h
crypto/x509v3/pcy_map.c
crypto/x509v3/pcy_node.c
crypto/x509v3/pcy_tree.c
crypto/x509v3/standard_exts.h
crypto/x509v3/v3_addr.c
crypto/x509v3/v3_admis.c
crypto/x509v3/v3_admis.h
crypto/x509v3/v3_akey.c
crypto/x509v3/v3_akeya.c
crypto/x509v3/v3_alt.c
crypto/x509v3/v3_asid.c
crypto/x509v3/v3_bcons.c
crypto/x509v3/v3_bitst.c
crypto/x509v3/v3_conf.c
crypto/x509v3/v3_cpols.c
crypto/x509v3/v3_crld.c
crypto/x509v3/v3_enum.c
crypto/x509v3/v3_extku.c
crypto/x509v3/v3_genn.c
crypto/x509v3/v3_ia5.c
crypto/x509v3/v3_info.c
crypto/x509v3/v3_int.c
crypto/x509v3/v3_lib.c
crypto/x509v3/v3_ncons.c
crypto/x509v3/v3_pci.c
crypto/x509v3/v3_pcia.c
crypto/x509v3/v3_pcons.c
crypto/x509v3/v3_pku.c
crypto/x509v3/v3_pmaps.c
crypto/x509v3/v3_prn.c
crypto/x509v3/v3_purp.c
crypto/x509v3/v3_skey.c
crypto/x509v3/v3_sxnet.c
crypto/x509v3/v3_tlsf.c
crypto/x509v3/v3_utl.c
crypto/x509v3/v3err.c
crypto/x86_64cpuid.pl
crypto/x86cpuid.pl
demos/README
demos/bio/Makefile
demos/bio/README
demos/bio/accept.cnf
demos/bio/client-arg.c
demos/bio/client-conf.c
demos/bio/cmod.cnf
demos/bio/connect.cnf
demos/bio/descrip.mms
demos/bio/intca.pem
demos/bio/root.pem
demos/bio/saccept.c
demos/bio/sconnect.c
demos/bio/server-arg.c
demos/bio/server-cmod.c
demos/bio/server-conf.c
demos/bio/server-ec.pem
demos/bio/server.pem
demos/bio/shared.opt
demos/bio/static.opt
demos/certs/README
demos/certs/apps/apps.cnf
demos/certs/apps/ckey.pem
demos/certs/apps/intkey.pem
demos/certs/apps/mkacerts.sh
demos/certs/apps/mkxcerts.sh
demos/certs/apps/rootkey.pem
demos/certs/apps/skey.pem
demos/certs/apps/skey2.pem
demos/certs/ca.cnf
demos/certs/mkcerts.sh
demos/certs/ocspquery.sh
demos/certs/ocsprun.sh
demos/cms/cacert.pem
demos/cms/cakey.pem
demos/cms/cms_comp.c
demos/cms/cms_ddec.c
demos/cms/cms_dec.c
demos/cms/cms_denc.c
demos/cms/cms_enc.c
demos/cms/cms_sign.c
demos/cms/cms_sign2.c
demos/cms/cms_uncomp.c
demos/cms/cms_ver.c
demos/cms/comp.txt
demos/cms/encr.txt
demos/cms/sign.txt
demos/cms/signer.pem
demos/cms/signer2.pem
demos/engines/e_chil.txt
demos/evp/Makefile
demos/evp/aesccm.c
demos/evp/aesgcm.c
demos/pkcs12/pkread.c
demos/pkcs12/pkwrite.c
demos/smime/cacert.pem
demos/smime/cakey.pem
demos/smime/encr.txt
demos/smime/sign.txt
demos/smime/signer.pem
demos/smime/signer2.pem
demos/smime/smdec.c
demos/smime/smenc.c
demos/smime/smsign.c
demos/smime/smsign2.c
demos/smime/smver.c
doc/HOWTO/certificates.txt
doc/HOWTO/keys.txt
doc/README
doc/dir-locals.example.el
doc/fingerprints.txt
doc/man1/CA.pl.pod
doc/man1/asn1parse.pod
doc/man1/ca.pod
doc/man1/ciphers.pod
doc/man1/cms.pod
doc/man1/crl.pod
doc/man1/crl2pkcs7.pod
doc/man1/dgst.pod
doc/man1/dhparam.pod
doc/man1/dsa.pod
doc/man1/dsaparam.pod
doc/man1/ec.pod
doc/man1/ecparam.pod
doc/man1/enc.pod
doc/man1/engine.pod
doc/man1/errstr.pod
doc/man1/gendsa.pod
doc/man1/genpkey.pod
doc/man1/genrsa.pod
doc/man1/list.pod
doc/man1/nseq.pod
doc/man1/ocsp.pod
doc/man1/openssl.pod
doc/man1/passwd.pod
doc/man1/pkcs12.pod
doc/man1/pkcs7.pod
doc/man1/pkcs8.pod
doc/man1/pkey.pod
doc/man1/pkeyparam.pod
doc/man1/pkeyutl.pod
doc/man1/prime.pod
doc/man1/rand.pod
doc/man1/rehash.pod
doc/man1/req.pod
doc/man1/rsa.pod
doc/man1/rsautl.pod
doc/man1/s_client.pod
doc/man1/s_server.pod
doc/man1/s_time.pod
doc/man1/sess_id.pod
doc/man1/smime.pod
doc/man1/speed.pod
doc/man1/spkac.pod
doc/man1/srp.pod
doc/man1/storeutl.pod
doc/man1/ts.pod
doc/man1/tsget.pod
doc/man1/verify.pod
doc/man1/version.pod
doc/man1/x509.pod
doc/man3/ADMISSIONS.pod
doc/man3/ASN1_INTEGER_get_int64.pod
doc/man3/ASN1_ITEM_lookup.pod
doc/man3/ASN1_OBJECT_new.pod
doc/man3/ASN1_STRING_TABLE_add.pod
doc/man3/ASN1_STRING_length.pod
doc/man3/ASN1_STRING_new.pod
doc/man3/ASN1_STRING_print_ex.pod
doc/man3/ASN1_TIME_set.pod
doc/man3/ASN1_TYPE_get.pod
doc/man3/ASN1_generate_nconf.pod
doc/man3/ASYNC_WAIT_CTX_new.pod
doc/man3/ASYNC_start_job.pod
doc/man3/BF_encrypt.pod
doc/man3/BIO_ADDR.pod
doc/man3/BIO_ADDRINFO.pod
doc/man3/BIO_connect.pod
doc/man3/BIO_ctrl.pod
doc/man3/BIO_f_base64.pod
doc/man3/BIO_f_buffer.pod
doc/man3/BIO_f_cipher.pod
doc/man3/BIO_f_md.pod
doc/man3/BIO_f_null.pod
doc/man3/BIO_f_ssl.pod
doc/man3/BIO_find_type.pod
doc/man3/BIO_get_data.pod
doc/man3/BIO_get_ex_new_index.pod
doc/man3/BIO_meth_new.pod
doc/man3/BIO_new.pod
doc/man3/BIO_new_CMS.pod
doc/man3/BIO_parse_hostserv.pod
doc/man3/BIO_printf.pod
doc/man3/BIO_push.pod
doc/man3/BIO_read.pod
doc/man3/BIO_s_accept.pod
doc/man3/BIO_s_bio.pod
doc/man3/BIO_s_connect.pod
doc/man3/BIO_s_fd.pod
doc/man3/BIO_s_file.pod
doc/man3/BIO_s_mem.pod
doc/man3/BIO_s_null.pod
doc/man3/BIO_s_socket.pod
doc/man3/BIO_set_callback.pod
doc/man3/BIO_should_retry.pod
doc/man3/BN_BLINDING_new.pod
doc/man3/BN_CTX_new.pod
doc/man3/BN_CTX_start.pod
doc/man3/BN_add.pod
doc/man3/BN_add_word.pod
doc/man3/BN_bn2bin.pod
doc/man3/BN_cmp.pod
doc/man3/BN_copy.pod
doc/man3/BN_generate_prime.pod
doc/man3/BN_mod_inverse.pod
doc/man3/BN_mod_mul_montgomery.pod
doc/man3/BN_mod_mul_reciprocal.pod
doc/man3/BN_new.pod
doc/man3/BN_num_bytes.pod
doc/man3/BN_rand.pod
doc/man3/BN_security_bits.pod
doc/man3/BN_set_bit.pod
doc/man3/BN_swap.pod
doc/man3/BN_zero.pod
doc/man3/BUF_MEM_new.pod
doc/man3/CMS_add0_cert.pod
doc/man3/CMS_add1_recipient_cert.pod
doc/man3/CMS_add1_signer.pod
doc/man3/CMS_compress.pod
doc/man3/CMS_decrypt.pod
doc/man3/CMS_encrypt.pod
doc/man3/CMS_final.pod
doc/man3/CMS_get0_RecipientInfos.pod
doc/man3/CMS_get0_SignerInfos.pod
doc/man3/CMS_get0_type.pod
doc/man3/CMS_get1_ReceiptRequest.pod
doc/man3/CMS_sign.pod
doc/man3/CMS_sign_receipt.pod
doc/man3/CMS_uncompress.pod
doc/man3/CMS_verify.pod
doc/man3/CMS_verify_receipt.pod
doc/man3/CONF_modules_free.pod
doc/man3/CONF_modules_load_file.pod
doc/man3/CRYPTO_THREAD_run_once.pod
doc/man3/CRYPTO_get_ex_new_index.pod
doc/man3/CRYPTO_memcmp.pod
doc/man3/CTLOG_STORE_get0_log_by_id.pod
doc/man3/CTLOG_STORE_new.pod
doc/man3/CTLOG_new.pod
doc/man3/CT_POLICY_EVAL_CTX_new.pod
doc/man3/DEFINE_STACK_OF.pod
doc/man3/DES_random_key.pod
doc/man3/DH_generate_key.pod
doc/man3/DH_generate_parameters.pod
doc/man3/DH_get0_pqg.pod
doc/man3/DH_get_1024_160.pod
doc/man3/DH_meth_new.pod
doc/man3/DH_new.pod
doc/man3/DH_new_by_nid.pod
doc/man3/DH_set_method.pod
doc/man3/DH_size.pod
doc/man3/DSA_SIG_new.pod
doc/man3/DSA_do_sign.pod
doc/man3/DSA_dup_DH.pod
doc/man3/DSA_generate_key.pod
doc/man3/DSA_generate_parameters.pod
doc/man3/DSA_get0_pqg.pod
doc/man3/DSA_meth_new.pod
doc/man3/DSA_new.pod
doc/man3/DSA_set_method.pod
doc/man3/DSA_sign.pod
doc/man3/DSA_size.pod
doc/man3/DTLS_get_data_mtu.pod
doc/man3/DTLS_set_timer_cb.pod
doc/man3/DTLSv1_listen.pod
doc/man3/ECDSA_SIG_new.pod
doc/man3/ECPKParameters_print.pod
doc/man3/EC_GFp_simple_method.pod
doc/man3/EC_GROUP_copy.pod
doc/man3/EC_GROUP_new.pod
doc/man3/EC_KEY_get_enc_flags.pod
doc/man3/EC_KEY_new.pod
doc/man3/EC_POINT_add.pod
doc/man3/EC_POINT_new.pod
doc/man3/ENGINE_add.pod
doc/man3/ERR_GET_LIB.pod
doc/man3/ERR_clear_error.pod
doc/man3/ERR_error_string.pod
doc/man3/ERR_get_error.pod
doc/man3/ERR_load_crypto_strings.pod
doc/man3/ERR_load_strings.pod
doc/man3/ERR_print_errors.pod
doc/man3/ERR_put_error.pod
doc/man3/ERR_remove_state.pod
doc/man3/ERR_set_mark.pod
doc/man3/EVP_BytesToKey.pod
doc/man3/EVP_CIPHER_CTX_get_cipher_data.pod
doc/man3/EVP_CIPHER_meth_new.pod
doc/man3/EVP_DigestInit.pod
doc/man3/EVP_DigestSignInit.pod
doc/man3/EVP_DigestVerifyInit.pod
doc/man3/EVP_EncodeInit.pod
doc/man3/EVP_EncryptInit.pod
doc/man3/EVP_MD_meth_new.pod
doc/man3/EVP_OpenInit.pod
doc/man3/EVP_PKEY_ASN1_METHOD.pod
doc/man3/EVP_PKEY_CTX_ctrl.pod
doc/man3/EVP_PKEY_CTX_new.pod
doc/man3/EVP_PKEY_CTX_set1_pbe_pass.pod
doc/man3/EVP_PKEY_CTX_set_hkdf_md.pod
doc/man3/EVP_PKEY_CTX_set_rsa_pss_keygen_md.pod
doc/man3/EVP_PKEY_CTX_set_scrypt_N.pod
doc/man3/EVP_PKEY_CTX_set_tls1_prf_md.pod
doc/man3/EVP_PKEY_asn1_get_count.pod
doc/man3/EVP_PKEY_cmp.pod
doc/man3/EVP_PKEY_decrypt.pod
doc/man3/EVP_PKEY_derive.pod
doc/man3/EVP_PKEY_encrypt.pod
doc/man3/EVP_PKEY_get_default_digest_nid.pod
doc/man3/EVP_PKEY_keygen.pod
doc/man3/EVP_PKEY_meth_get_count.pod
doc/man3/EVP_PKEY_meth_new.pod
doc/man3/EVP_PKEY_new.pod
doc/man3/EVP_PKEY_print_private.pod
doc/man3/EVP_PKEY_set1_RSA.pod
doc/man3/EVP_PKEY_sign.pod
doc/man3/EVP_PKEY_size.pod
doc/man3/EVP_PKEY_verify.pod
doc/man3/EVP_PKEY_verify_recover.pod
doc/man3/EVP_SealInit.pod
doc/man3/EVP_SignInit.pod
doc/man3/EVP_VerifyInit.pod
doc/man3/EVP_aes.pod
doc/man3/EVP_aria.pod
doc/man3/EVP_bf_cbc.pod
doc/man3/EVP_blake2b512.pod
doc/man3/EVP_camellia.pod
doc/man3/EVP_cast5_cbc.pod
doc/man3/EVP_chacha20.pod
doc/man3/EVP_des.pod
doc/man3/EVP_desx_cbc.pod
doc/man3/EVP_idea_cbc.pod
doc/man3/EVP_md2.pod
doc/man3/EVP_md4.pod
doc/man3/EVP_md5.pod
doc/man3/EVP_mdc2.pod
doc/man3/EVP_rc2_cbc.pod
doc/man3/EVP_rc4.pod
doc/man3/EVP_rc5_32_12_16_cbc.pod
doc/man3/EVP_ripemd160.pod
doc/man3/EVP_seed_cbc.pod
doc/man3/EVP_sha1.pod
doc/man3/EVP_sha224.pod
doc/man3/EVP_sha3_224.pod
doc/man3/EVP_sm3.pod
doc/man3/EVP_sm4_cbc.pod
doc/man3/EVP_whirlpool.pod
doc/man3/HMAC.pod
doc/man3/MD5.pod
doc/man3/MDC2_Init.pod
doc/man3/OBJ_nid2obj.pod
doc/man3/OCSP_REQUEST_new.pod
doc/man3/OCSP_cert_to_id.pod
doc/man3/OCSP_request_add1_nonce.pod
doc/man3/OCSP_resp_find_status.pod
doc/man3/OCSP_response_status.pod
doc/man3/OCSP_sendreq_new.pod
doc/man3/OPENSSL_Applink.pod
doc/man3/OPENSSL_LH_COMPFUNC.pod
doc/man3/OPENSSL_LH_stats.pod
doc/man3/OPENSSL_VERSION_NUMBER.pod
doc/man3/OPENSSL_config.pod
doc/man3/OPENSSL_fork_prepare.pod
doc/man3/OPENSSL_ia32cap.pod
doc/man3/OPENSSL_init_crypto.pod
doc/man3/OPENSSL_init_ssl.pod
doc/man3/OPENSSL_instrument_bus.pod
doc/man3/OPENSSL_load_builtin_modules.pod
doc/man3/OPENSSL_malloc.pod
doc/man3/OPENSSL_secure_malloc.pod
doc/man3/OSSL_STORE_INFO.pod
doc/man3/OSSL_STORE_LOADER.pod
doc/man3/OSSL_STORE_SEARCH.pod
doc/man3/OSSL_STORE_expect.pod
doc/man3/OSSL_STORE_open.pod
doc/man3/OpenSSL_add_all_algorithms.pod
doc/man3/PEM_bytes_read_bio.pod
doc/man3/PEM_read.pod
doc/man3/PEM_read_CMS.pod
doc/man3/PEM_read_bio_PrivateKey.pod
doc/man3/PEM_read_bio_ex.pod
doc/man3/PEM_write_bio_CMS_stream.pod
doc/man3/PEM_write_bio_PKCS7_stream.pod
doc/man3/PKCS12_create.pod
doc/man3/PKCS12_newpass.pod
doc/man3/PKCS12_parse.pod
doc/man3/PKCS5_PBKDF2_HMAC.pod
doc/man3/PKCS7_decrypt.pod
doc/man3/PKCS7_encrypt.pod
doc/man3/PKCS7_sign.pod
doc/man3/PKCS7_sign_add_signer.pod
doc/man3/PKCS7_verify.pod
doc/man3/RAND_DRBG_generate.pod
doc/man3/RAND_DRBG_get0_master.pod
doc/man3/RAND_DRBG_new.pod
doc/man3/RAND_DRBG_reseed.pod
doc/man3/RAND_DRBG_set_callbacks.pod
doc/man3/RAND_DRBG_set_ex_data.pod
doc/man3/RAND_add.pod
doc/man3/RAND_bytes.pod
doc/man3/RAND_cleanup.pod
doc/man3/RAND_egd.pod
doc/man3/RAND_load_file.pod
doc/man3/RAND_set_rand_method.pod
doc/man3/RC4_set_key.pod
doc/man3/RIPEMD160_Init.pod
doc/man3/RSA_blinding_on.pod
doc/man3/RSA_check_key.pod
doc/man3/RSA_generate_key.pod
doc/man3/RSA_get0_key.pod
doc/man3/RSA_meth_new.pod
doc/man3/RSA_new.pod
doc/man3/RSA_padding_add_PKCS1_type_1.pod
doc/man3/RSA_print.pod
doc/man3/RSA_private_encrypt.pod
doc/man3/RSA_public_encrypt.pod
doc/man3/RSA_set_method.pod
doc/man3/RSA_sign.pod
doc/man3/RSA_sign_ASN1_OCTET_STRING.pod
doc/man3/RSA_size.pod
doc/man3/SCT_new.pod
doc/man3/SCT_print.pod
doc/man3/SCT_validate.pod
doc/man3/SHA256_Init.pod
doc/man3/SMIME_read_CMS.pod
doc/man3/SMIME_read_PKCS7.pod
doc/man3/SMIME_write_CMS.pod
doc/man3/SMIME_write_PKCS7.pod
doc/man3/SSL_CIPHER_get_name.pod
doc/man3/SSL_COMP_add_compression_method.pod
doc/man3/SSL_CONF_CTX_new.pod
doc/man3/SSL_CONF_CTX_set1_prefix.pod
doc/man3/SSL_CONF_CTX_set_flags.pod
doc/man3/SSL_CONF_CTX_set_ssl_ctx.pod
doc/man3/SSL_CONF_cmd.pod
doc/man3/SSL_CONF_cmd_argv.pod
doc/man3/SSL_CTX_add1_chain_cert.pod
doc/man3/SSL_CTX_add_extra_chain_cert.pod
doc/man3/SSL_CTX_add_session.pod
doc/man3/SSL_CTX_config.pod
doc/man3/SSL_CTX_ctrl.pod
doc/man3/SSL_CTX_dane_enable.pod
doc/man3/SSL_CTX_flush_sessions.pod
doc/man3/SSL_CTX_free.pod
doc/man3/SSL_CTX_get0_param.pod
doc/man3/SSL_CTX_get_verify_mode.pod
doc/man3/SSL_CTX_has_client_custom_ext.pod
doc/man3/SSL_CTX_load_verify_locations.pod
doc/man3/SSL_CTX_new.pod
doc/man3/SSL_CTX_sess_number.pod
doc/man3/SSL_CTX_sess_set_cache_size.pod
doc/man3/SSL_CTX_sess_set_get_cb.pod
doc/man3/SSL_CTX_sessions.pod
doc/man3/SSL_CTX_set0_CA_list.pod
doc/man3/SSL_CTX_set1_curves.pod
doc/man3/SSL_CTX_set1_sigalgs.pod
doc/man3/SSL_CTX_set1_verify_cert_store.pod
doc/man3/SSL_CTX_set_alpn_select_cb.pod
doc/man3/SSL_CTX_set_cert_cb.pod
doc/man3/SSL_CTX_set_cert_store.pod
doc/man3/SSL_CTX_set_cert_verify_callback.pod
doc/man3/SSL_CTX_set_cipher_list.pod
doc/man3/SSL_CTX_set_client_cert_cb.pod
doc/man3/SSL_CTX_set_client_hello_cb.pod
doc/man3/SSL_CTX_set_ct_validation_callback.pod
doc/man3/SSL_CTX_set_ctlog_list_file.pod
doc/man3/SSL_CTX_set_default_passwd_cb.pod
doc/man3/SSL_CTX_set_ex_data.pod
doc/man3/SSL_CTX_set_generate_session_id.pod
doc/man3/SSL_CTX_set_info_callback.pod
doc/man3/SSL_CTX_set_keylog_callback.pod
doc/man3/SSL_CTX_set_max_cert_list.pod
doc/man3/SSL_CTX_set_min_proto_version.pod
doc/man3/SSL_CTX_set_mode.pod
doc/man3/SSL_CTX_set_msg_callback.pod
doc/man3/SSL_CTX_set_num_tickets.pod
doc/man3/SSL_CTX_set_options.pod
doc/man3/SSL_CTX_set_psk_client_callback.pod
doc/man3/SSL_CTX_set_quiet_shutdown.pod
doc/man3/SSL_CTX_set_read_ahead.pod
doc/man3/SSL_CTX_set_record_padding_callback.pod
doc/man3/SSL_CTX_set_security_level.pod
doc/man3/SSL_CTX_set_session_cache_mode.pod
doc/man3/SSL_CTX_set_session_id_context.pod
doc/man3/SSL_CTX_set_session_ticket_cb.pod
doc/man3/SSL_CTX_set_split_send_fragment.pod
doc/man3/SSL_CTX_set_ssl_version.pod
doc/man3/SSL_CTX_set_stateless_cookie_generate_cb.pod
doc/man3/SSL_CTX_set_timeout.pod
doc/man3/SSL_CTX_set_tlsext_servername_callback.pod
doc/man3/SSL_CTX_set_tlsext_status_cb.pod
doc/man3/SSL_CTX_set_tlsext_ticket_key_cb.pod
doc/man3/SSL_CTX_set_tlsext_use_srtp.pod
doc/man3/SSL_CTX_set_tmp_dh_callback.pod
doc/man3/SSL_CTX_set_verify.pod
doc/man3/SSL_CTX_use_certificate.pod
doc/man3/SSL_CTX_use_psk_identity_hint.pod
doc/man3/SSL_CTX_use_serverinfo.pod
doc/man3/SSL_SESSION_free.pod
doc/man3/SSL_SESSION_get0_cipher.pod
doc/man3/SSL_SESSION_get0_hostname.pod
doc/man3/SSL_SESSION_get0_id_context.pod
doc/man3/SSL_SESSION_get0_peer.pod
doc/man3/SSL_SESSION_get_compress_id.pod
doc/man3/SSL_SESSION_get_ex_data.pod
doc/man3/SSL_SESSION_get_protocol_version.pod
doc/man3/SSL_SESSION_get_time.pod
doc/man3/SSL_SESSION_has_ticket.pod
doc/man3/SSL_SESSION_is_resumable.pod
doc/man3/SSL_SESSION_print.pod
doc/man3/SSL_SESSION_set1_id.pod
doc/man3/SSL_accept.pod
doc/man3/SSL_alert_type_string.pod
doc/man3/SSL_alloc_buffers.pod
doc/man3/SSL_check_chain.pod
doc/man3/SSL_clear.pod
doc/man3/SSL_connect.pod
doc/man3/SSL_do_handshake.pod
doc/man3/SSL_export_keying_material.pod
doc/man3/SSL_extension_supported.pod
doc/man3/SSL_free.pod
doc/man3/SSL_get0_peer_scts.pod
doc/man3/SSL_get_SSL_CTX.pod
doc/man3/SSL_get_all_async_fds.pod
doc/man3/SSL_get_ciphers.pod
doc/man3/SSL_get_client_random.pod
doc/man3/SSL_get_current_cipher.pod
doc/man3/SSL_get_default_timeout.pod
doc/man3/SSL_get_error.pod
doc/man3/SSL_get_extms_support.pod
doc/man3/SSL_get_fd.pod
doc/man3/SSL_get_peer_cert_chain.pod
doc/man3/SSL_get_peer_certificate.pod
doc/man3/SSL_get_peer_signature_nid.pod
doc/man3/SSL_get_peer_tmp_key.pod
doc/man3/SSL_get_psk_identity.pod
doc/man3/SSL_get_rbio.pod
doc/man3/SSL_get_session.pod
doc/man3/SSL_get_shared_sigalgs.pod
doc/man3/SSL_get_verify_result.pod
doc/man3/SSL_get_version.pod
doc/man3/SSL_in_init.pod
doc/man3/SSL_key_update.pod
doc/man3/SSL_library_init.pod
doc/man3/SSL_load_client_CA_file.pod
doc/man3/SSL_new.pod
doc/man3/SSL_pending.pod
doc/man3/SSL_read.pod
doc/man3/SSL_read_early_data.pod
doc/man3/SSL_rstate_string.pod
doc/man3/SSL_session_reused.pod
doc/man3/SSL_set1_host.pod
doc/man3/SSL_set_bio.pod
doc/man3/SSL_set_connect_state.pod
doc/man3/SSL_set_fd.pod
doc/man3/SSL_set_session.pod
doc/man3/SSL_set_shutdown.pod
doc/man3/SSL_set_verify_result.pod
doc/man3/SSL_shutdown.pod
doc/man3/SSL_state_string.pod
doc/man3/SSL_want.pod
doc/man3/SSL_write.pod
doc/man3/UI_STRING.pod
doc/man3/UI_UTIL_read_pw.pod
doc/man3/UI_create_method.pod
doc/man3/UI_new.pod
doc/man3/X509V3_get_d2i.pod
doc/man3/X509_ALGOR_dup.pod
doc/man3/X509_CRL_get0_by_serial.pod
doc/man3/X509_EXTENSION_set_object.pod
doc/man3/X509_LOOKUP.pod
doc/man3/X509_LOOKUP_hash_dir.pod
doc/man3/X509_LOOKUP_meth_new.pod
doc/man3/X509_NAME_ENTRY_get_object.pod
doc/man3/X509_NAME_add_entry_by_txt.pod
doc/man3/X509_NAME_get0_der.pod
doc/man3/X509_NAME_get_index_by_NID.pod
doc/man3/X509_NAME_print_ex.pod
doc/man3/X509_PUBKEY_new.pod
doc/man3/X509_SIG_get0.pod
doc/man3/X509_STORE_CTX_get_error.pod
doc/man3/X509_STORE_CTX_new.pod
doc/man3/X509_STORE_CTX_set_verify_cb.pod
doc/man3/X509_STORE_add_cert.pod
doc/man3/X509_STORE_get0_param.pod
doc/man3/X509_STORE_new.pod
doc/man3/X509_STORE_set_verify_cb_func.pod
doc/man3/X509_VERIFY_PARAM_set_flags.pod
doc/man3/X509_check_ca.pod
doc/man3/X509_check_host.pod
doc/man3/X509_check_issued.pod
doc/man3/X509_check_private_key.pod
doc/man3/X509_check_purpose.pod
doc/man3/X509_cmp.pod
doc/man3/X509_cmp_time.pod
doc/man3/X509_digest.pod
doc/man3/X509_dup.pod
doc/man3/X509_get0_notBefore.pod
doc/man3/X509_get0_signature.pod
doc/man3/X509_get0_uids.pod
doc/man3/X509_get_extension_flags.pod
doc/man3/X509_get_pubkey.pod
doc/man3/X509_get_serialNumber.pod
doc/man3/X509_get_subject_name.pod
doc/man3/X509_get_version.pod
doc/man3/X509_new.pod
doc/man3/X509_sign.pod
doc/man3/X509_verify_cert.pod
doc/man3/X509v3_get_ext_by_NID.pod
doc/man3/d2i_DHparams.pod
doc/man3/d2i_PKCS8PrivateKey_bio.pod
doc/man3/d2i_PrivateKey.pod
doc/man3/d2i_SSL_SESSION.pod
doc/man3/d2i_X509.pod
doc/man3/i2d_CMS_bio_stream.pod
doc/man3/i2d_PKCS7_bio_stream.pod
doc/man3/i2d_re_X509_tbs.pod
doc/man3/o2i_SCT_LIST.pod
doc/man5/config.pod
doc/man5/x509v3_config.pod
doc/man7/Ed25519.pod
doc/man7/RAND.pod
doc/man7/RAND_DRBG.pod
doc/man7/RSA-PSS.pod
doc/man7/SM2.pod
doc/man7/X25519.pod
doc/man7/bio.pod
doc/man7/crypto.pod
doc/man7/ct.pod
doc/man7/des_modes.pod
doc/man7/evp.pod
doc/man7/ossl_store-file.pod
doc/man7/ossl_store.pod
doc/man7/passphrase-encoding.pod
doc/man7/proxy-certificates.pod
doc/man7/scrypt.pod
doc/man7/ssl.pod
doc/man7/x509.pod
doc/openssl-c-indent.el
e_os.h
engines/asm/e_padlock-x86.pl
engines/asm/e_padlock-x86_64.pl
engines/build.info
engines/e_afalg.c
engines/e_afalg.ec
engines/e_afalg.h
engines/e_afalg.txt
engines/e_afalg_err.c
engines/e_afalg_err.h
engines/e_capi.c
engines/e_capi.ec
engines/e_capi.txt
engines/e_capi_err.c
engines/e_capi_err.h
engines/e_dasync.c
engines/e_dasync.ec
engines/e_dasync.txt
engines/e_dasync_err.c
engines/e_dasync_err.h
engines/e_ossltest.c
engines/e_ossltest.ec
engines/e_ossltest.txt
engines/e_ossltest_err.c
engines/e_ossltest_err.h
engines/e_padlock.c
external/perl/Downloaded.txt
external/perl/Text-Template-1.46/Artistic
external/perl/Text-Template-1.46/COPYING
external/perl/Text-Template-1.46/INSTALL
external/perl/Text-Template-1.46/MANIFEST
external/perl/Text-Template-1.46/META.json
external/perl/Text-Template-1.46/META.yml
external/perl/Text-Template-1.46/Makefile.PL
external/perl/Text-Template-1.46/README
external/perl/Text-Template-1.46/lib/Text/Template.pm
external/perl/Text-Template-1.46/lib/Text/Template/Preprocess.pm
external/perl/Text-Template-1.46/t/00-version.t
external/perl/Text-Template-1.46/t/01-basic.t
external/perl/Text-Template-1.46/t/02-hash.t
external/perl/Text-Template-1.46/t/03-out.t
external/perl/Text-Template-1.46/t/04-safe.t
external/perl/Text-Template-1.46/t/05-safe2.t
external/perl/Text-Template-1.46/t/06-ofh.t
external/perl/Text-Template-1.46/t/07-safe3.t
external/perl/Text-Template-1.46/t/08-exported.t
external/perl/Text-Template-1.46/t/09-error.t
external/perl/Text-Template-1.46/t/10-delimiters.t
external/perl/Text-Template-1.46/t/11-prepend.t
external/perl/Text-Template-1.46/t/12-preprocess.t
external/perl/Text-Template-1.46/t/13-taint.t
external/perl/Text-Template-1.46/t/14-broken.t
external/perl/transfer/Text/Template.pm
fuzz/README.md
fuzz/asn1.c
fuzz/asn1parse.c
fuzz/bignum.c
fuzz/bndiv.c
fuzz/build.info
fuzz/client.c
fuzz/cms.c
fuzz/conf.c
fuzz/crl.c
fuzz/ct.c
fuzz/driver.c
fuzz/fuzzer.h
fuzz/helper.py
fuzz/mkfuzzoids.pl
fuzz/oids.txt
fuzz/rand.inc
fuzz/server.c
fuzz/test-corpus.c
fuzz/x509.c
include/crypto/__DECC_INCLUDE_EPILOGUE.H
include/crypto/__DECC_INCLUDE_PROLOGUE.H
include/crypto/aria.h
include/crypto/asn1.h
include/crypto/async.h
include/crypto/bn.h
include/crypto/bn_conf.h.in
include/crypto/bn_dh.h
include/crypto/bn_srp.h
include/crypto/chacha.h
include/crypto/cryptlib.h
include/crypto/ctype.h
include/crypto/dso_conf.h.in
include/crypto/ec.h
include/crypto/engine.h
include/crypto/err.h
include/crypto/evp.h
include/crypto/lhash.h
include/crypto/md32_common.h
include/crypto/objects.h
include/crypto/poly1305.h
include/crypto/rand.h
include/crypto/sha.h
include/crypto/siphash.h
include/crypto/sm2.h
include/crypto/sm2err.h
include/crypto/sm3.h
include/crypto/sm4.h
include/crypto/store.h
include/crypto/x509.h
include/internal/__DECC_INCLUDE_EPILOGUE.H
include/internal/__DECC_INCLUDE_PROLOGUE.H
include/internal/bio.h
include/internal/comp.h
include/internal/conf.h
include/internal/constant_time.h
include/internal/cryptlib.h
include/internal/dane.h
include/internal/dso.h
include/internal/dsoerr.h
include/internal/err.h
include/internal/nelem.h
include/internal/numbers.h
include/internal/o_dir.h
include/internal/o_str.h
include/internal/refcount.h
include/internal/sockets.h
include/internal/sslconf.h
include/internal/thread_once.h
include/internal/tsan_assist.h
include/openssl/__DECC_INCLUDE_EPILOGUE.H
include/openssl/__DECC_INCLUDE_PROLOGUE.H
include/openssl/aes.h
include/openssl/asn1.h
include/openssl/asn1_mac.h
include/openssl/asn1err.h
include/openssl/asn1t.h
include/openssl/async.h
include/openssl/asyncerr.h
include/openssl/bio.h
include/openssl/bioerr.h
include/openssl/blowfish.h
include/openssl/bn.h
include/openssl/bnerr.h
include/openssl/buffer.h
include/openssl/buffererr.h
include/openssl/camellia.h
include/openssl/cast.h
include/openssl/cmac.h
include/openssl/cms.h
include/openssl/cmserr.h
include/openssl/comp.h
include/openssl/comperr.h
include/openssl/conf.h
include/openssl/conf_api.h
include/openssl/conferr.h
include/openssl/crypto.h
include/openssl/cryptoerr.h
include/openssl/ct.h
include/openssl/cterr.h
include/openssl/des.h
include/openssl/dh.h
include/openssl/dherr.h
include/openssl/dsa.h
include/openssl/dsaerr.h
include/openssl/dtls1.h
include/openssl/e_os2.h
include/openssl/ebcdic.h
include/openssl/ec.h
include/openssl/ecdh.h
include/openssl/ecdsa.h
include/openssl/ecerr.h
include/openssl/engine.h
include/openssl/engineerr.h
include/openssl/err.h
include/openssl/evp.h
include/openssl/evperr.h
include/openssl/hmac.h
include/openssl/idea.h
include/openssl/kdf.h
include/openssl/kdferr.h
include/openssl/lhash.h
include/openssl/md2.h
include/openssl/md4.h
include/openssl/md5.h
include/openssl/mdc2.h
include/openssl/modes.h
include/openssl/obj_mac.h
include/openssl/objects.h
include/openssl/objectserr.h
include/openssl/ocsp.h
include/openssl/ocsperr.h
include/openssl/opensslconf.h.in
include/openssl/opensslv.h
include/openssl/ossl_typ.h
include/openssl/pem.h
include/openssl/pem2.h
include/openssl/pemerr.h
include/openssl/pkcs12.h
include/openssl/pkcs12err.h
include/openssl/pkcs7.h
include/openssl/pkcs7err.h
include/openssl/rand.h
include/openssl/rand_drbg.h
include/openssl/randerr.h
include/openssl/rc2.h
include/openssl/rc4.h
include/openssl/rc5.h
include/openssl/ripemd.h
include/openssl/rsa.h
include/openssl/rsaerr.h
include/openssl/safestack.h
include/openssl/seed.h
include/openssl/sha.h
include/openssl/srp.h
include/openssl/srtp.h
include/openssl/ssl.h
include/openssl/ssl2.h
include/openssl/ssl3.h
include/openssl/sslerr.h
include/openssl/stack.h
include/openssl/store.h
include/openssl/storeerr.h
include/openssl/symhacks.h
include/openssl/tls1.h
include/openssl/ts.h
include/openssl/tserr.h
include/openssl/txt_db.h
include/openssl/ui.h
include/openssl/uierr.h
include/openssl/whrlpool.h
include/openssl/x509.h
include/openssl/x509_vfy.h
include/openssl/x509err.h
include/openssl/x509v3.h
include/openssl/x509v3err.h
ms/applink.c
ms/cmp.pl
ms/uplink-common.pl
ms/uplink-ia64.pl
ms/uplink-x86.pl
ms/uplink-x86_64.pl
ms/uplink.c
ms/uplink.h
os-dep/haiku.h
ssl/bio_ssl.c
ssl/build.info
ssl/d1_lib.c
ssl/d1_msg.c
ssl/d1_srtp.c
ssl/methods.c
ssl/packet.c
ssl/packet_local.h
ssl/pqueue.c
ssl/record/README
ssl/record/dtls1_bitmap.c
ssl/record/rec_layer_d1.c
ssl/record/rec_layer_s3.c
ssl/record/record.h
ssl/record/record_local.h
ssl/record/ssl3_buffer.c
ssl/record/ssl3_record.c
ssl/record/ssl3_record_tls13.c
ssl/s3_cbc.c
ssl/s3_enc.c
ssl/s3_lib.c
ssl/s3_msg.c
ssl/ssl_asn1.c
ssl/ssl_cert.c
ssl/ssl_cert_table.h
ssl/ssl_ciph.c
ssl/ssl_conf.c
ssl/ssl_err.c
ssl/ssl_init.c
ssl/ssl_lib.c
ssl/ssl_local.h
ssl/ssl_mcnf.c
ssl/ssl_rsa.c
ssl/ssl_sess.c
ssl/ssl_stat.c
ssl/ssl_txt.c
ssl/ssl_utst.c
ssl/statem/README
ssl/statem/extensions.c
ssl/statem/extensions_clnt.c
ssl/statem/extensions_cust.c
ssl/statem/extensions_srvr.c
ssl/statem/statem.c
ssl/statem/statem.h
ssl/statem/statem_clnt.c
ssl/statem/statem_dtls.c
ssl/statem/statem_lib.c
ssl/statem/statem_local.h
ssl/statem/statem_srvr.c
ssl/t1_enc.c
ssl/t1_lib.c
ssl/t1_trce.c
ssl/tls13_enc.c
ssl/tls_srp.c
test/CAss.cnf
test/CAssdh.cnf
test/CAssdsa.cnf
test/CAssrsa.cnf
test/CAtsa.cnf
test/P1ss.cnf
test/P2ss.cnf
test/README
test/README.external
test/README.ssltest.md
test/Sssdsa.cnf
test/Sssrsa.cnf
test/Uss.cnf
test/aborttest.c
test/afalgtest.c
test/asn1_decode_test.c
test/asn1_encode_test.c
test/asn1_internal_test.c
test/asn1_string_table_test.c
test/asn1_time_test.c
test/asynciotest.c
test/asynctest.c
test/bad_dtls_test.c
test/bftest.c
test/bio_callback_test.c
test/bio_enc_test.c
test/bio_memleak_test.c
test/bioprinttest.c
test/bntest.c
test/bntests.pl
test/build.info
test/casttest.c
test/certs/alt1-cert.pem
test/certs/alt1-key.pem
test/certs/alt2-cert.pem
test/certs/alt2-key.pem
test/certs/alt3-cert.pem
test/certs/alt3-key.pem
test/certs/bad-pc3-cert.pem
test/certs/bad-pc3-key.pem
test/certs/bad-pc4-cert.pem
test/certs/bad-pc4-key.pem
test/certs/bad-pc6-cert.pem
test/certs/bad-pc6-key.pem
test/certs/bad.key
test/certs/bad.pem
test/certs/badalt1-cert.pem
test/certs/badalt1-key.pem
test/certs/badalt10-cert.pem
test/certs/badalt10-key.pem
test/certs/badalt2-cert.pem
test/certs/badalt2-key.pem
test/certs/badalt3-cert.pem
test/certs/badalt3-key.pem
test/certs/badalt4-cert.pem
test/certs/badalt4-key.pem
test/certs/badalt5-cert.pem
test/certs/badalt5-key.pem
test/certs/badalt6-cert.pem
test/certs/badalt6-key.pem
test/certs/badalt7-cert.pem
test/certs/badalt7-key.pem
test/certs/badalt8-cert.pem
test/certs/badalt8-key.pem
test/certs/badalt9-cert.pem
test/certs/badalt9-key.pem
test/certs/badcn1-cert.pem
test/certs/badcn1-key.pem
test/certs/ca+anyEKU.pem
test/certs/ca+clientAuth.pem
test/certs/ca+serverAuth.pem
test/certs/ca-anyEKU.pem
test/certs/ca-cert-768.pem
test/certs/ca-cert-768i.pem
test/certs/ca-cert-ec-explicit.pem
test/certs/ca-cert-ec-named.pem
test/certs/ca-cert-md5-any.pem
test/certs/ca-cert-md5.pem
test/certs/ca-cert.pem
test/certs/ca-cert2.pem
test/certs/ca-clientAuth.pem
test/certs/ca-expired.pem
test/certs/ca-key-768.pem
test/certs/ca-key-ec-explicit.pem
test/certs/ca-key-ec-named.pem
test/certs/ca-key.pem
test/certs/ca-key2.pem
test/certs/ca-name2.pem
test/certs/ca-nonbc.pem
test/certs/ca-nonca.pem
test/certs/ca-root2.pem
test/certs/ca-serverAuth.pem
test/certs/cca+anyEKU.pem
test/certs/cca+clientAuth.pem
test/certs/cca+serverAuth.pem
test/certs/cca-anyEKU.pem
test/certs/cca-cert.pem
test/certs/cca-clientAuth.pem
test/certs/cca-serverAuth.pem
test/certs/client-ed25519-cert.pem
test/certs/client-ed25519-key.pem
test/certs/client-ed448-cert.pem
test/certs/client-ed448-key.pem
test/certs/croot+anyEKU.pem
test/certs/croot+clientAuth.pem
test/certs/croot+serverAuth.pem
test/certs/croot-anyEKU.pem
test/certs/croot-cert.pem
test/certs/croot-clientAuth.pem
test/certs/croot-serverAuth.pem
test/certs/cyrillic.msb
test/certs/cyrillic.pem
test/certs/cyrillic.utf8
test/certs/cyrillic_crl.pem
test/certs/cyrillic_crl.utf8
test/certs/dhp2048.pem
test/certs/ee+clientAuth.pem
test/certs/ee+serverAuth.pem
test/certs/ee-cert-768.pem
test/certs/ee-cert-768i.pem
test/certs/ee-cert-ec-explicit.pem
test/certs/ee-cert-ec-named-explicit.pem
test/certs/ee-cert-ec-named-named.pem
test/certs/ee-cert-md5.pem
test/certs/ee-cert.pem
test/certs/ee-cert2.pem
test/certs/ee-client-chain.pem
test/certs/ee-client.pem
test/certs/ee-clientAuth.pem
test/certs/ee-ecdsa-client-chain.pem
test/certs/ee-ecdsa-key.pem
test/certs/ee-ed25519.pem
test/certs/ee-expired.pem
test/certs/ee-key-768.pem
test/certs/ee-key-ec-explicit.pem
test/certs/ee-key-ec-named-explicit.pem
test/certs/ee-key-ec-named-named.pem
test/certs/ee-key.pem
test/certs/ee-name2.pem
test/certs/ee-pathlen.pem
test/certs/ee-pss-sha1-cert.pem
test/certs/ee-pss-sha256-cert.pem
test/certs/ee-self-signed.pem
test/certs/ee-serverAuth.pem
test/certs/embeddedSCTs1-key.pem
test/certs/embeddedSCTs1.pem
test/certs/embeddedSCTs1.sct
test/certs/embeddedSCTs1_issuer.pem
test/certs/embeddedSCTs3.pem
test/certs/embeddedSCTs3.sct
test/certs/embeddedSCTs3_issuer.pem
test/certs/goodcn1-cert.pem
test/certs/goodcn1-key.pem
test/certs/interCA.key
test/certs/interCA.pem
test/certs/leaf.key
test/certs/leaf.pem
test/certs/many-constraints.pem
test/certs/many-names1.pem
test/certs/many-names2.pem
test/certs/many-names3.pem
test/certs/mkcert.sh
test/certs/nca+anyEKU.pem
test/certs/nca+serverAuth.pem
test/certs/ncca-cert.pem
test/certs/ncca-key.pem
test/certs/ncca1-cert.pem
test/certs/ncca1-key.pem
test/certs/ncca2-cert.pem
test/certs/ncca2-key.pem
test/certs/ncca3-cert.pem
test/certs/ncca3-key.pem
test/certs/nroot+anyEKU.pem
test/certs/nroot+serverAuth.pem
test/certs/p256-server-cert.pem
test/certs/p256-server-key.pem
test/certs/p384-root-key.pem
test/certs/p384-root.pem
test/certs/p384-server-cert.pem
test/certs/p384-server-key.pem
test/certs/pathlen.pem
test/certs/pc1-cert.pem
test/certs/pc1-key.pem
test/certs/pc2-cert.pem
test/certs/pc2-key.pem
test/certs/pc5-cert.pem
test/certs/pc5-key.pem
test/certs/root+anyEKU.pem
test/certs/root+clientAuth.pem
test/certs/root+serverAuth.pem
test/certs/root-anyEKU.pem
test/certs/root-cert-768.pem
test/certs/root-cert-md5.pem
test/certs/root-cert-rsa2.pem
test/certs/root-cert.pem
test/certs/root-cert2.pem
test/certs/root-clientAuth.pem
test/certs/root-ed25519.pem
test/certs/root-ed448-cert.pem
test/certs/root-ed448-key.pem
test/certs/root-key-768.pem
test/certs/root-key.pem
test/certs/root-key2.pem
test/certs/root-name2.pem
test/certs/root-nonca.pem
test/certs/root-noserver.pem
test/certs/root-serverAuth.pem
test/certs/root2+clientAuth.pem
test/certs/root2+serverAuth.pem
test/certs/root2-serverAuth.pem
test/certs/rootCA.key
test/certs/rootCA.pem
test/certs/rootcert.pem
test/certs/rootkey.pem
test/certs/roots.pem
test/certs/sca+anyEKU.pem
test/certs/sca+clientAuth.pem
test/certs/sca+serverAuth.pem
test/certs/sca-anyEKU.pem
test/certs/sca-cert.pem
test/certs/sca-clientAuth.pem
test/certs/sca-serverAuth.pem
test/certs/server-cecdsa-cert.pem
test/certs/server-cecdsa-key.pem
test/certs/server-dsa-cert.pem
test/certs/server-dsa-key.pem
test/certs/server-ecdsa-brainpoolP256r1-cert.pem
test/certs/server-ecdsa-brainpoolP256r1-key.pem
test/certs/server-ecdsa-cert.pem
test/certs/server-ecdsa-key.pem
test/certs/server-ed25519-cert.pem
test/certs/server-ed25519-key.pem
test/certs/server-ed448-cert.pem
test/certs/server-ed448-key.pem
test/certs/server-pss-cert.pem
test/certs/server-pss-key.pem
test/certs/server-pss-restrict-cert.pem
test/certs/server-pss-restrict-key.pem
test/certs/server-trusted.pem
test/certs/servercert.pem
test/certs/serverkey.pem
test/certs/setup.sh
test/certs/some-names1.pem
test/certs/some-names2.pem
test/certs/some-names3.pem
test/certs/sroot+anyEKU.pem
test/certs/sroot+clientAuth.pem
test/certs/sroot+serverAuth.pem
test/certs/sroot-anyEKU.pem
test/certs/sroot-cert.pem
test/certs/sroot-clientAuth.pem
test/certs/sroot-serverAuth.pem
test/certs/subinterCA-ss.pem
test/certs/subinterCA.key
test/certs/subinterCA.pem
test/certs/untrusted.pem
test/certs/wrongcert.pem
test/certs/wrongkey.pem
test/certs/x509-check-key.pem
test/certs/x509-check.csr
test/chacha_internal_test.c
test/cipher_overhead_test.c
test/cipherbytes_test.c
test/cipherlist_test.c
test/ciphername_test.c
test/clienthellotest.c
test/cmactest.c
test/cms-examples.pl
test/cmsapitest.c
test/conf_include_test.c
test/constant_time_test.c
test/crltest.c
test/ct/log_list.conf
test/ct/tls1.sct
test/ct_test.c
test/ctype_internal_test.c
test/curve448_internal_test.c
test/d2i-tests/bad-cms.der
test/d2i-tests/bad-int-pad0.der
test/d2i-tests/bad-int-padminus1.der
test/d2i-tests/bad_bio.der
test/d2i-tests/bad_cert.der
test/d2i-tests/bad_generalname.der
test/d2i-tests/high_tag.der
test/d2i-tests/int0.der
test/d2i-tests/int1.der
test/d2i-tests/intminus1.der
test/d2i_test.c
test/danetest.c
test/danetest.in
test/danetest.pem
test/destest.c
test/dhtest.c
test/drbg_cavs_data.c
test/drbg_cavs_data.h
test/drbg_cavs_test.c
test/drbgtest.c
test/drbgtest.h
test/dsa_no_digest_size_test.c
test/dsatest.c
test/dtls_mtu_test.c
test/dtlstest.c
test/dtlsv1listentest.c
test/ec_internal_test.c
test/ecdsatest.c
test/ecdsatest.h
test/ecstresstest.c
test/ectest.c
test/enginetest.c
test/errtest.c
test/evp_extra_test.c
test/evp_test.c
test/evp_test.h
test/exdatatest.c
test/exptest.c
test/fatalerrtest.c
test/generate_buildtest.pl
test/generate_ssl_tests.pl
test/gmdifftest.c
test/gosttest.c
test/handshake_helper.c
test/handshake_helper.h
test/hmactest.c
test/ideatest.c
test/igetest.c
test/lhash_test.c
test/md2test.c
test/mdc2_internal_test.c
test/mdc2test.c
test/memleaktest.c
test/modes_internal_test.c
test/ocsp-tests/D1.ors
test/ocsp-tests/D1_Cert_EE.pem
test/ocsp-tests/D1_Issuer_ICA.pem
test/ocsp-tests/D2.ors
test/ocsp-tests/D2_Cert_ICA.pem
test/ocsp-tests/D2_Issuer_Root.pem
test/ocsp-tests/D3.ors
test/ocsp-tests/D3_Cert_EE.pem
test/ocsp-tests/D3_Issuer_Root.pem
test/ocsp-tests/ISDOSC_D1.ors
test/ocsp-tests/ISDOSC_D2.ors
test/ocsp-tests/ISDOSC_D3.ors
test/ocsp-tests/ISIC_D1_Issuer_ICA.pem
test/ocsp-tests/ISIC_D2_Issuer_Root.pem
test/ocsp-tests/ISIC_D3_Issuer_Root.pem
test/ocsp-tests/ISIC_ND1_Issuer_ICA.pem
test/ocsp-tests/ISIC_ND2_Issuer_Root.pem
test/ocsp-tests/ISIC_ND3_Issuer_Root.pem
test/ocsp-tests/ISOP_D1.ors
test/ocsp-tests/ISOP_D2.ors
test/ocsp-tests/ISOP_D3.ors
test/ocsp-tests/ISOP_ND1.ors
test/ocsp-tests/ISOP_ND2.ors
test/ocsp-tests/ISOP_ND3.ors
test/ocsp-tests/ND1.ors
test/ocsp-tests/ND1_Cert_EE.pem
test/ocsp-tests/ND1_Cross_Root.pem
test/ocsp-tests/ND1_Issuer_ICA-Cross.pem
test/ocsp-tests/ND1_Issuer_ICA.pem
test/ocsp-tests/ND2.ors
test/ocsp-tests/ND2_Cert_ICA.pem
test/ocsp-tests/ND2_Issuer_Root.pem
test/ocsp-tests/ND3.ors
test/ocsp-tests/ND3_Cert_EE.pem
test/ocsp-tests/ND3_Issuer_Root.pem
test/ocsp-tests/WIKH_D1.ors
test/ocsp-tests/WIKH_D2.ors
test/ocsp-tests/WIKH_D3.ors
test/ocsp-tests/WIKH_ND1.ors
test/ocsp-tests/WIKH_ND2.ors
test/ocsp-tests/WIKH_ND3.ors
test/ocsp-tests/WINH_D1.ors
test/ocsp-tests/WINH_D2.ors
test/ocsp-tests/WINH_D3.ors
test/ocsp-tests/WINH_ND1.ors
test/ocsp-tests/WINH_ND2.ors
test/ocsp-tests/WINH_ND3.ors
test/ocsp-tests/WKDOSC_D1.ors
test/ocsp-tests/WKDOSC_D2.ors
test/ocsp-tests/WKDOSC_D3.ors
test/ocsp-tests/WKIC_D1_Issuer_ICA.pem
test/ocsp-tests/WKIC_D2_Issuer_Root.pem
test/ocsp-tests/WKIC_D3_Issuer_Root.pem
test/ocsp-tests/WKIC_ND1_Issuer_ICA.pem
test/ocsp-tests/WKIC_ND2_Issuer_Root.pem
test/ocsp-tests/WKIC_ND3_Issuer_Root.pem
test/ocsp-tests/WRID_D1.ors
test/ocsp-tests/WRID_D2.ors
test/ocsp-tests/WRID_D3.ors
test/ocsp-tests/WRID_ND1.ors
test/ocsp-tests/WRID_ND2.ors
test/ocsp-tests/WRID_ND3.ors
test/ocsp-tests/WSNIC_D1_Issuer_ICA.pem
test/ocsp-tests/WSNIC_D2_Issuer_Root.pem
test/ocsp-tests/WSNIC_D3_Issuer_Root.pem
test/ocsp-tests/WSNIC_ND1_Issuer_ICA.pem
test/ocsp-tests/WSNIC_ND2_Issuer_Root.pem
test/ocsp-tests/WSNIC_ND3_Issuer_Root.pem
test/ocspapitest.c
test/ossl_shim/async_bio.cc
test/ossl_shim/async_bio.h
test/ossl_shim/build.info
test/ossl_shim/include/openssl/base.h
test/ossl_shim/ossl_config.json
test/ossl_shim/ossl_shim.cc
test/ossl_shim/packeted_bio.cc
test/ossl_shim/packeted_bio.h
test/ossl_shim/test_config.cc
test/ossl_shim/test_config.h
test/packettest.c
test/pbelutest.c
test/pemtest.c
test/pkcs7-1.pem
test/pkcs7.pem
test/pkey_meth_kdf_test.c
test/pkey_meth_test.c
test/pkits-test.pl
test/poly1305_internal_test.c
test/rc2test.c
test/rc4test.c
test/rc5test.c
test/rdrand_sanitytest.c
test/recipes/01-test_abort.t
test/recipes/01-test_sanity.t
test/recipes/01-test_symbol_presence.t
test/recipes/01-test_test.t
test/recipes/02-test_errstr.t
test/recipes/02-test_internal_ctype.t
test/recipes/02-test_lhash.t
test/recipes/02-test_ordinals.t
test/recipes/02-test_stack.t
test/recipes/03-test_exdata.t
test/recipes/03-test_internal_asn1.t
test/recipes/03-test_internal_chacha.t
test/recipes/03-test_internal_curve448.t
test/recipes/03-test_internal_ec.t
test/recipes/03-test_internal_mdc2.t
test/recipes/03-test_internal_modes.t
test/recipes/03-test_internal_poly1305.t
test/recipes/03-test_internal_siphash.t
test/recipes/03-test_internal_sm2.t
test/recipes/03-test_internal_sm4.t
test/recipes/03-test_internal_ssl_cert_table.t
test/recipes/03-test_internal_x509.t
test/recipes/03-test_ui.t
test/recipes/04-test_asn1_decode.t
test/recipes/04-test_asn1_encode.t
test/recipes/04-test_asn1_string_table.t
test/recipes/04-test_bio_callback.t
test/recipes/04-test_bioprint.t
test/recipes/04-test_err.t
test/recipes/04-test_pem.t
test/recipes/04-test_pem_data/NOTES
test/recipes/04-test_pem_data/beermug.pem
test/recipes/04-test_pem_data/cert-1023line.pem
test/recipes/04-test_pem_data/cert-1024line.pem
test/recipes/04-test_pem_data/cert-1025line.pem
test/recipes/04-test_pem_data/cert-254-chars-at-the-end.pem
test/recipes/04-test_pem_data/cert-254-chars-in-the-middle.pem
test/recipes/04-test_pem_data/cert-255line.pem
test/recipes/04-test_pem_data/cert-256line.pem
test/recipes/04-test_pem_data/cert-257line.pem
test/recipes/04-test_pem_data/cert-blankline.pem
test/recipes/04-test_pem_data/cert-comment.pem
test/recipes/04-test_pem_data/cert-earlypad.pem
test/recipes/04-test_pem_data/cert-extrapad.pem
test/recipes/04-test_pem_data/cert-infixwhitespace.pem
test/recipes/04-test_pem_data/cert-junk.pem
test/recipes/04-test_pem_data/cert-leadingwhitespace.pem
test/recipes/04-test_pem_data/cert-longline.pem
test/recipes/04-test_pem_data/cert-misalignedpad.pem
test/recipes/04-test_pem_data/cert-onecolumn.pem
test/recipes/04-test_pem_data/cert-oneline-multiple-of-254.pem
test/recipes/04-test_pem_data/cert-oneline.pem
test/recipes/04-test_pem_data/cert-shortandlongline.pem
test/recipes/04-test_pem_data/cert-shortline.pem
test/recipes/04-test_pem_data/cert-threecolumn.pem
test/recipes/04-test_pem_data/cert-trailingwhitespace.pem
test/recipes/04-test_pem_data/cert.pem
test/recipes/04-test_pem_data/csr.pem
test/recipes/04-test_pem_data/dsa-1023line.pem
test/recipes/04-test_pem_data/dsa-1024line.pem
test/recipes/04-test_pem_data/dsa-1025line.pem
test/recipes/04-test_pem_data/dsa-255line.pem
test/recipes/04-test_pem_data/dsa-256line.pem
test/recipes/04-test_pem_data/dsa-257line.pem
test/recipes/04-test_pem_data/dsa-blankline.pem
test/recipes/04-test_pem_data/dsa-comment.pem
test/recipes/04-test_pem_data/dsa-corruptedheader.pem
test/recipes/04-test_pem_data/dsa-corruptiv.pem
test/recipes/04-test_pem_data/dsa-earlypad.pem
test/recipes/04-test_pem_data/dsa-extrapad.pem
test/recipes/04-test_pem_data/dsa-infixwhitespace.pem
test/recipes/04-test_pem_data/dsa-junk.pem
test/recipes/04-test_pem_data/dsa-leadingwhitespace.pem
test/recipes/04-test_pem_data/dsa-longline.pem
test/recipes/04-test_pem_data/dsa-misalignedpad.pem
test/recipes/04-test_pem_data/dsa-onecolumn.pem
test/recipes/04-test_pem_data/dsa-oneline.pem
test/recipes/04-test_pem_data/dsa-onelineheader.pem
test/recipes/04-test_pem_data/dsa-shortandlongline.pem
test/recipes/04-test_pem_data/dsa-shortline.pem
test/recipes/04-test_pem_data/dsa-threecolumn.pem
test/recipes/04-test_pem_data/dsa-trailingwhitespace.pem
test/recipes/04-test_pem_data/dsa.pem
test/recipes/04-test_pem_data/dsaparam.pem
test/recipes/04-test_pem_data/key.pem
test/recipes/04-test_pem_data/wellknown
test/recipes/05-test_bf.t
test/recipes/05-test_cast.t
test/recipes/05-test_cmac.t
test/recipes/05-test_des.t
test/recipes/05-test_hmac.t
test/recipes/05-test_idea.t
test/recipes/05-test_md2.t
test/recipes/05-test_mdc2.t
test/recipes/05-test_rand.t
test/recipes/05-test_rc2.t
test/recipes/05-test_rc4.t
test/recipes/05-test_rc5.t
test/recipes/06-test-rdrand.t
test/recipes/10-test_bn.t
test/recipes/10-test_bn_data/bnexp.txt
test/recipes/10-test_bn_data/bngcd.txt
test/recipes/10-test_bn_data/bnmod.txt
test/recipes/10-test_bn_data/bnmul.txt
test/recipes/10-test_bn_data/bnshift.txt
test/recipes/10-test_bn_data/bnsum.txt
test/recipes/10-test_exp.t
test/recipes/15-test_dh.t
test/recipes/15-test_dsa.t
test/recipes/15-test_ec.t
test/recipes/15-test_ecdsa.t
test/recipes/15-test_ecparam.t
test/recipes/15-test_ecparam_data/invalid/c2pnb208w1-reducible.pem
test/recipes/15-test_ecparam_data/invalid/nistp256-nonprime.pem
test/recipes/15-test_ecparam_data/invalid/nistp256-offcurve.pem
test/recipes/15-test_ecparam_data/invalid/nistp256-wrongorder.pem
test/recipes/15-test_ecparam_data/valid/c2pnb163v1-explicit.pem
test/recipes/15-test_ecparam_data/valid/c2pnb163v1-named.pem
test/recipes/15-test_ecparam_data/valid/c2pnb163v2-explicit.pem
test/recipes/15-test_ecparam_data/valid/c2pnb163v2-named.pem
test/recipes/15-test_ecparam_data/valid/c2pnb163v3-explicit.pem
test/recipes/15-test_ecparam_data/valid/c2pnb163v3-named.pem
test/recipes/15-test_ecparam_data/valid/c2pnb176v1-explicit.pem
test/recipes/15-test_ecparam_data/valid/c2pnb176v1-named.pem
test/recipes/15-test_ecparam_data/valid/c2pnb208w1-explicit.pem
test/recipes/15-test_ecparam_data/valid/c2pnb208w1-named.pem
test/recipes/15-test_ecparam_data/valid/c2pnb272w1-explicit.pem
test/recipes/15-test_ecparam_data/valid/c2pnb272w1-named.pem
test/recipes/15-test_ecparam_data/valid/c2pnb304w1-explicit.pem
test/recipes/15-test_ecparam_data/valid/c2pnb304w1-named.pem
test/recipes/15-test_ecparam_data/valid/c2pnb368w1-explicit.pem
test/recipes/15-test_ecparam_data/valid/c2pnb368w1-named.pem
test/recipes/15-test_ecparam_data/valid/c2tnb191v1-explicit.pem
test/recipes/15-test_ecparam_data/valid/c2tnb191v1-named.pem
test/recipes/15-test_ecparam_data/valid/c2tnb191v2-explicit.pem
test/recipes/15-test_ecparam_data/valid/c2tnb191v2-named.pem
test/recipes/15-test_ecparam_data/valid/c2tnb191v3-explicit.pem
test/recipes/15-test_ecparam_data/valid/c2tnb191v3-named.pem
test/recipes/15-test_ecparam_data/valid/c2tnb239v1-explicit.pem
test/recipes/15-test_ecparam_data/valid/c2tnb239v1-named.pem
test/recipes/15-test_ecparam_data/valid/c2tnb239v2-explicit.pem
test/recipes/15-test_ecparam_data/valid/c2tnb239v2-named.pem
test/recipes/15-test_ecparam_data/valid/c2tnb239v3-explicit.pem
test/recipes/15-test_ecparam_data/valid/c2tnb239v3-named.pem
test/recipes/15-test_ecparam_data/valid/c2tnb359v1-explicit.pem
test/recipes/15-test_ecparam_data/valid/c2tnb359v1-named.pem
test/recipes/15-test_ecparam_data/valid/c2tnb431r1-explicit.pem
test/recipes/15-test_ecparam_data/valid/c2tnb431r1-named.pem
test/recipes/15-test_ecparam_data/valid/prime192v1-explicit.pem
test/recipes/15-test_ecparam_data/valid/prime192v1-named.pem
test/recipes/15-test_ecparam_data/valid/prime192v2-explicit.pem
test/recipes/15-test_ecparam_data/valid/prime192v2-named.pem
test/recipes/15-test_ecparam_data/valid/prime192v3-explicit.pem
test/recipes/15-test_ecparam_data/valid/prime192v3-named.pem
test/recipes/15-test_ecparam_data/valid/prime239v1-explicit.pem
test/recipes/15-test_ecparam_data/valid/prime239v1-named.pem
test/recipes/15-test_ecparam_data/valid/prime239v2-explicit.pem
test/recipes/15-test_ecparam_data/valid/prime239v2-named.pem
test/recipes/15-test_ecparam_data/valid/prime239v3-explicit.pem
test/recipes/15-test_ecparam_data/valid/prime239v3-named.pem
test/recipes/15-test_ecparam_data/valid/prime256v1-explicit.pem
test/recipes/15-test_ecparam_data/valid/prime256v1-named.pem
test/recipes/15-test_ecparam_data/valid/secp112r1-explicit.pem
test/recipes/15-test_ecparam_data/valid/secp112r1-named.pem
test/recipes/15-test_ecparam_data/valid/secp112r2-explicit.pem
test/recipes/15-test_ecparam_data/valid/secp112r2-named.pem
test/recipes/15-test_ecparam_data/valid/secp128r1-explicit.pem
test/recipes/15-test_ecparam_data/valid/secp128r1-named.pem
test/recipes/15-test_ecparam_data/valid/secp128r2-explicit.pem
test/recipes/15-test_ecparam_data/valid/secp128r2-named.pem
test/recipes/15-test_ecparam_data/valid/secp160k1-explicit.pem
test/recipes/15-test_ecparam_data/valid/secp160k1-named.pem
test/recipes/15-test_ecparam_data/valid/secp160r1-explicit.pem
test/recipes/15-test_ecparam_data/valid/secp160r1-named.pem
test/recipes/15-test_ecparam_data/valid/secp160r2-explicit.pem
test/recipes/15-test_ecparam_data/valid/secp160r2-named.pem
test/recipes/15-test_ecparam_data/valid/secp192k1-explicit.pem
test/recipes/15-test_ecparam_data/valid/secp192k1-named.pem
test/recipes/15-test_ecparam_data/valid/secp224k1-explicit.pem
test/recipes/15-test_ecparam_data/valid/secp224k1-named.pem
test/recipes/15-test_ecparam_data/valid/secp224r1-explicit.pem
test/recipes/15-test_ecparam_data/valid/secp224r1-named.pem
test/recipes/15-test_ecparam_data/valid/secp256k1-explicit.pem
test/recipes/15-test_ecparam_data/valid/secp256k1-named.pem
test/recipes/15-test_ecparam_data/valid/secp384r1-explicit.pem
test/recipes/15-test_ecparam_data/valid/secp384r1-named.pem
test/recipes/15-test_ecparam_data/valid/secp521r1-explicit.pem
test/recipes/15-test_ecparam_data/valid/secp521r1-named.pem
test/recipes/15-test_ecparam_data/valid/sect113r1-explicit.pem
test/recipes/15-test_ecparam_data/valid/sect113r1-named.pem
test/recipes/15-test_ecparam_data/valid/sect113r2-explicit.pem
test/recipes/15-test_ecparam_data/valid/sect113r2-named.pem
test/recipes/15-test_ecparam_data/valid/sect131r1-explicit.pem
test/recipes/15-test_ecparam_data/valid/sect131r1-named.pem
test/recipes/15-test_ecparam_data/valid/sect131r2-explicit.pem
test/recipes/15-test_ecparam_data/valid/sect131r2-named.pem
test/recipes/15-test_ecparam_data/valid/sect163k1-explicit.pem
test/recipes/15-test_ecparam_data/valid/sect163k1-named.pem
test/recipes/15-test_ecparam_data/valid/sect163r1-explicit.pem
test/recipes/15-test_ecparam_data/valid/sect163r1-named.pem
test/recipes/15-test_ecparam_data/valid/sect163r2-explicit.pem
test/recipes/15-test_ecparam_data/valid/sect163r2-named.pem
test/recipes/15-test_ecparam_data/valid/sect193r1-explicit.pem
test/recipes/15-test_ecparam_data/valid/sect193r1-named.pem
test/recipes/15-test_ecparam_data/valid/sect193r2-explicit.pem
test/recipes/15-test_ecparam_data/valid/sect193r2-named.pem
test/recipes/15-test_ecparam_data/valid/sect233k1-explicit.pem
test/recipes/15-test_ecparam_data/valid/sect233k1-named.pem
test/recipes/15-test_ecparam_data/valid/sect233r1-explicit.pem
test/recipes/15-test_ecparam_data/valid/sect233r1-named.pem
test/recipes/15-test_ecparam_data/valid/sect239k1-explicit.pem
test/recipes/15-test_ecparam_data/valid/sect239k1-named.pem
test/recipes/15-test_ecparam_data/valid/sect283k1-explicit.pem
test/recipes/15-test_ecparam_data/valid/sect283k1-named.pem
test/recipes/15-test_ecparam_data/valid/sect283r1-explicit.pem
test/recipes/15-test_ecparam_data/valid/sect283r1-named.pem
test/recipes/15-test_ecparam_data/valid/sect409k1-explicit.pem
test/recipes/15-test_ecparam_data/valid/sect409k1-named.pem
test/recipes/15-test_ecparam_data/valid/sect409r1-explicit.pem
test/recipes/15-test_ecparam_data/valid/sect409r1-named.pem
test/recipes/15-test_ecparam_data/valid/sect571k1-explicit.pem
test/recipes/15-test_ecparam_data/valid/sect571k1-named.pem
test/recipes/15-test_ecparam_data/valid/sect571r1-explicit.pem
test/recipes/15-test_ecparam_data/valid/sect571r1-named.pem
test/recipes/15-test_ecparam_data/valid/wap-wsg-idm-ecid-wtls1-explicit.pem
test/recipes/15-test_ecparam_data/valid/wap-wsg-idm-ecid-wtls1-named.pem
test/recipes/15-test_ecparam_data/valid/wap-wsg-idm-ecid-wtls10-explicit.pem
test/recipes/15-test_ecparam_data/valid/wap-wsg-idm-ecid-wtls10-named.pem
test/recipes/15-test_ecparam_data/valid/wap-wsg-idm-ecid-wtls11-explicit.pem
test/recipes/15-test_ecparam_data/valid/wap-wsg-idm-ecid-wtls11-named.pem
test/recipes/15-test_ecparam_data/valid/wap-wsg-idm-ecid-wtls12-explicit.pem
test/recipes/15-test_ecparam_data/valid/wap-wsg-idm-ecid-wtls12-named.pem
test/recipes/15-test_ecparam_data/valid/wap-wsg-idm-ecid-wtls3-explicit.pem
test/recipes/15-test_ecparam_data/valid/wap-wsg-idm-ecid-wtls3-named.pem
test/recipes/15-test_ecparam_data/valid/wap-wsg-idm-ecid-wtls4-explicit.pem
test/recipes/15-test_ecparam_data/valid/wap-wsg-idm-ecid-wtls4-named.pem
test/recipes/15-test_ecparam_data/valid/wap-wsg-idm-ecid-wtls5-explicit.pem
test/recipes/15-test_ecparam_data/valid/wap-wsg-idm-ecid-wtls5-named.pem
test/recipes/15-test_ecparam_data/valid/wap-wsg-idm-ecid-wtls6-explicit.pem
test/recipes/15-test_ecparam_data/valid/wap-wsg-idm-ecid-wtls6-named.pem
test/recipes/15-test_ecparam_data/valid/wap-wsg-idm-ecid-wtls7-explicit.pem
test/recipes/15-test_ecparam_data/valid/wap-wsg-idm-ecid-wtls7-named.pem
test/recipes/15-test_ecparam_data/valid/wap-wsg-idm-ecid-wtls8-explicit.pem
test/recipes/15-test_ecparam_data/valid/wap-wsg-idm-ecid-wtls8-named.pem
test/recipes/15-test_ecparam_data/valid/wap-wsg-idm-ecid-wtls9-explicit.pem
test/recipes/15-test_ecparam_data/valid/wap-wsg-idm-ecid-wtls9-named.pem
test/recipes/15-test_genec.t
test/recipes/15-test_genrsa.t
test/recipes/15-test_mp_rsa.t
test/recipes/15-test_mp_rsa_data/plain_text
test/recipes/15-test_out_option.t
test/recipes/15-test_rsa.t
test/recipes/15-test_rsapss.t
test/recipes/20-test_dgst.t
test/recipes/20-test_enc.t
test/recipes/20-test_enc_more.t
test/recipes/20-test_passwd.t
test/recipes/25-test_crl.t
test/recipes/25-test_d2i.t
test/recipes/25-test_pkcs7.t
test/recipes/25-test_req.t
test/recipes/25-test_sid.t
test/recipes/25-test_verify.t
test/recipes/25-test_x509.t
test/recipes/30-test_afalg.t
test/recipes/30-test_engine.t
test/recipes/30-test_evp.t
test/recipes/30-test_evp_data/evpcase.txt
test/recipes/30-test_evp_data/evpccmcavs.txt
test/recipes/30-test_evp_data/evpciph.txt
test/recipes/30-test_evp_data/evpdigest.txt
test/recipes/30-test_evp_data/evpencod.txt
test/recipes/30-test_evp_data/evpkdf.txt
test/recipes/30-test_evp_data/evpmac.txt
test/recipes/30-test_evp_data/evppbe.txt
test/recipes/30-test_evp_data/evppkey.txt
test/recipes/30-test_evp_data/evppkey_ecc.txt
test/recipes/30-test_evp_extra.t
test/recipes/30-test_pbelu.t
test/recipes/30-test_pkey_meth.t
test/recipes/30-test_pkey_meth_kdf.t
test/recipes/40-test_rehash.t
test/recipes/60-test_x509_check_cert_pkey.t
test/recipes/60-test_x509_dup_cert.t
test/recipes/60-test_x509_store.t
test/recipes/60-test_x509_time.t
test/recipes/70-test_asyncio.t
test/recipes/70-test_bad_dtls.t
test/recipes/70-test_clienthello.t
test/recipes/70-test_comp.t
test/recipes/70-test_key_share.t
test/recipes/70-test_packet.t
test/recipes/70-test_recordlen.t
test/recipes/70-test_renegotiation.t
test/recipes/70-test_servername.t
test/recipes/70-test_sslcbcpadding.t
test/recipes/70-test_sslcertstatus.t
test/recipes/70-test_sslextension.t
test/recipes/70-test_sslmessages.t
test/recipes/70-test_sslrecords.t
test/recipes/70-test_sslsessiontick.t
test/recipes/70-test_sslsigalgs.t
test/recipes/70-test_sslsignature.t
test/recipes/70-test_sslskewith0p.t
test/recipes/70-test_sslversions.t
test/recipes/70-test_sslvertol.t
test/recipes/70-test_tls13alerts.t
test/recipes/70-test_tls13cookie.t
test/recipes/70-test_tls13downgrade.t
test/recipes/70-test_tls13hrr.t
test/recipes/70-test_tls13kexmodes.t
test/recipes/70-test_tls13messages.t
test/recipes/70-test_tls13psk.t
test/recipes/70-test_tlsextms.t
test/recipes/70-test_verify_extra.t
test/recipes/70-test_wpacket.t
test/recipes/80-test_ca.t
test/recipes/80-test_cipherbytes.t
test/recipes/80-test_cipherlist.t
test/recipes/80-test_ciphername.t
test/recipes/80-test_cms.t
test/recipes/80-test_cms_data/bad_signtime_attr.cms
test/recipes/80-test_cms_data/ct_multiple_attr.cms
test/recipes/80-test_cms_data/no_ct_attr.cms
test/recipes/80-test_cms_data/no_md_attr.cms
test/recipes/80-test_cmsapi.t
test/recipes/80-test_ct.t
test/recipes/80-test_dane.t
test/recipes/80-test_dtls.t
test/recipes/80-test_dtls_mtu.t
test/recipes/80-test_dtlsv1listen.t
test/recipes/80-test_ocsp.t
test/recipes/80-test_ocsp_data/cert.pem
test/recipes/80-test_ocsp_data/key.pem
test/recipes/80-test_pkcs12.t
test/recipes/80-test_ssl_new.t
test/recipes/80-test_ssl_old.t
test/recipes/80-test_ssl_test_ctx.t
test/recipes/80-test_sslcorrupt.t
test/recipes/80-test_tsa.t
test/recipes/80-test_x509aux.t
test/recipes/90-test_asn1_time.t
test/recipes/90-test_async.t
test/recipes/90-test_bio_enc.t
test/recipes/90-test_bio_memleak.t
test/recipes/90-test_constant_time.t
test/recipes/90-test_fatalerr.t
test/recipes/90-test_gmdiff.t
test/recipes/90-test_gost.t
test/recipes/90-test_gost_data/gost.conf
test/recipes/90-test_gost_data/server-cert2001.pem
test/recipes/90-test_gost_data/server-cert2012.pem
test/recipes/90-test_gost_data/server-key2001.pem
test/recipes/90-test_gost_data/server-key2012.pem
test/recipes/90-test_ige.t
test/recipes/90-test_includes.t
test/recipes/90-test_includes_data/conf-includes/includes1.cnf
test/recipes/90-test_includes_data/conf-includes/includes2.cnf
test/recipes/90-test_includes_data/includes-broken.cnf
test/recipes/90-test_includes_data/includes-eq-ws.cnf
test/recipes/90-test_includes_data/includes-eq.cnf
test/recipes/90-test_includes_data/includes-file.cnf
test/recipes/90-test_includes_data/includes.cnf
test/recipes/90-test_includes_data/vms-includes-file.cnf
test/recipes/90-test_includes_data/vms-includes.cnf
test/recipes/90-test_memleak.t
test/recipes/90-test_overhead.t
test/recipes/90-test_secmem.t
test/recipes/90-test_shlibload.t
test/recipes/90-test_srp.t
test/recipes/90-test_sslapi.t
test/recipes/90-test_sslapi_data/passwd.txt
test/recipes/90-test_sslbuffers.t
test/recipes/90-test_store.t
test/recipes/90-test_store_data/ca.cnf
test/recipes/90-test_store_data/user.cnf
test/recipes/90-test_sysdefault.t
test/recipes/90-test_threads.t
test/recipes/90-test_time_offset.t
test/recipes/90-test_tls13ccs.t
test/recipes/90-test_tls13encryption.t
test/recipes/90-test_tls13secrets.t
test/recipes/90-test_v3name.t
test/recipes/95-test_external_boringssl.t
test/recipes/95-test_external_krb5.t
test/recipes/95-test_external_krb5_data/krb5.sh
test/recipes/95-test_external_pyca.t
test/recipes/95-test_external_pyca_data/cryptography.sh
test/recipes/99-test_ecstress.t
test/recipes/99-test_fuzz.t
test/recipes/ocsp-response.der
test/recipes/tconversion.pl
test/recordlentest.c
test/rsa_complex.c
test/rsa_mp_test.c
test/rsa_test.c
test/run_tests.pl
test/sanitytest.c
test/secmemtest.c
test/serverinfo.pem
test/serverinfo2.pem
test/servername_test.c
test/session.pem
test/shibboleth.pfx
test/shlibloadtest.c
test/siphash_internal_test.c
test/sm2_internal_test.c
test/sm4_internal_test.c
test/smcont.txt
test/smime-certs/ca.cnf
test/smime-certs/mksmime-certs.sh
test/smime-certs/smdh.pem
test/smime-certs/smdsa1.pem
test/smime-certs/smdsa2.pem
test/smime-certs/smdsa3.pem
test/smime-certs/smdsap.pem
test/smime-certs/smec1.pem
test/smime-certs/smec2.pem
test/smime-certs/smec3.pem
test/smime-certs/smroot.pem
test/smime-certs/smrsa1.pem
test/smime-certs/smrsa2.pem
test/smime-certs/smrsa3.pem
test/srptest.c
test/ssl-tests/01-simple.conf
test/ssl-tests/01-simple.conf.in
test/ssl-tests/02-protocol-version.conf
test/ssl-tests/02-protocol-version.conf.in
test/ssl-tests/03-custom_verify.conf
test/ssl-tests/03-custom_verify.conf.in
test/ssl-tests/04-client_auth.conf
test/ssl-tests/04-client_auth.conf.in
test/ssl-tests/05-sni.conf
test/ssl-tests/05-sni.conf.in
test/ssl-tests/06-sni-ticket.conf
test/ssl-tests/06-sni-ticket.conf.in
test/ssl-tests/07-dtls-protocol-version.conf
test/ssl-tests/07-dtls-protocol-version.conf.in
test/ssl-tests/08-npn.conf
test/ssl-tests/08-npn.conf.in
test/ssl-tests/09-alpn.conf
test/ssl-tests/09-alpn.conf.in
test/ssl-tests/10-resumption.conf
test/ssl-tests/10-resumption.conf.in
test/ssl-tests/11-dtls_resumption.conf
test/ssl-tests/11-dtls_resumption.conf.in
test/ssl-tests/12-ct.conf
test/ssl-tests/12-ct.conf.in
test/ssl-tests/13-fragmentation.conf
test/ssl-tests/13-fragmentation.conf.in
test/ssl-tests/14-curves.conf
test/ssl-tests/14-curves.conf.in
test/ssl-tests/15-certstatus.conf
test/ssl-tests/15-certstatus.conf.in
test/ssl-tests/16-certstatus.conf
test/ssl-tests/16-dtls-certstatus.conf
test/ssl-tests/16-dtls-certstatus.conf.in
test/ssl-tests/17-renegotiate.conf
test/ssl-tests/17-renegotiate.conf.in
test/ssl-tests/18-dtls-renegotiate.conf
test/ssl-tests/18-dtls-renegotiate.conf.in
test/ssl-tests/19-mac-then-encrypt.conf
test/ssl-tests/19-mac-then-encrypt.conf.in
test/ssl-tests/20-cert-select.conf
test/ssl-tests/20-cert-select.conf.in
test/ssl-tests/21-key-update.conf
test/ssl-tests/21-key-update.conf.in
test/ssl-tests/22-compression.conf
test/ssl-tests/22-compression.conf.in
test/ssl-tests/23-srp.conf
test/ssl-tests/23-srp.conf.in
test/ssl-tests/24-padding.conf
test/ssl-tests/24-padding.conf.in
test/ssl-tests/25-cipher.conf
test/ssl-tests/25-cipher.conf.in
test/ssl-tests/26-tls13_client_auth.conf
test/ssl-tests/26-tls13_client_auth.conf.in
test/ssl-tests/27-ticket-appdata.conf
test/ssl-tests/27-ticket-appdata.conf.in
test/ssl-tests/28-seclevel.conf
test/ssl-tests/28-seclevel.conf.in
test/ssl-tests/29-dtls-sctp-label-bug.conf
test/ssl-tests/29-dtls-sctp-label-bug.conf.in
test/ssl-tests/protocol_version.pm
test/ssl-tests/ssltests_base.pm
test/ssl_cert_table_internal_test.c
test/ssl_ctx_test.c
test/ssl_test.c
test/ssl_test.tmpl
test/ssl_test_ctx.c
test/ssl_test_ctx.h
test/ssl_test_ctx_test.c
test/ssl_test_ctx_test.conf
test/sslapitest.c
test/sslbuffertest.c
test/sslcorrupttest.c
test/ssltest_old.c
test/ssltestlib.c
test/ssltestlib.h
test/stack_test.c
test/sysdefault.cnf
test/sysdefaulttest.c
test/test.cnf
test/test_test.c
test/testcrl.pem
test/testdsa.pem
test/testdsapub.pem
test/testec-p256.pem
test/testecpub-p256.pem
test/tested25519.pem
test/tested25519pub.pem
test/tested448.pem
test/tested448pub.pem
test/testp7.pem
test/testreq2.pem
test/testrsa.pem
test/testrsapub.pem
test/testsid.pem
test/testutil.h
test/testutil/basic_output.c
test/testutil/cb.c
test/testutil/driver.c
test/testutil/format_output.c
test/testutil/main.c
test/testutil/output.h
test/testutil/output_helpers.c
test/testutil/random.c
test/testutil/stanza.c
test/testutil/tap_bio.c
test/testutil/test_cleanup.c
test/testutil/tests.c
test/testutil/testutil_init.c
test/testutil/tu_local.h
test/testx509.pem
test/threadstest.c
test/time_offset_test.c
test/tls13ccstest.c
test/tls13encryptiontest.c
test/tls13secretstest.c
test/uitest.c
test/v3-cert1.pem
test/v3-cert2.pem
test/v3ext.c
test/v3nametest.c
test/verify_extra_test.c
test/versions.c
test/wpackettest.c
test/x509_check_cert_pkey_test.c
test/x509_dup_cert_test.c
test/x509_internal_test.c
test/x509_time_test.c
test/x509aux.c
tools/build.info
tools/c_rehash.in
util/add-depends.pl
util/build.info
util/cavs-to-evptest.pl
util/check-malloc-errs
util/ck_errf.pl
util/copy.pl
util/dofile.pl
util/echo.pl
util/find-doc-nits
util/find-unused-errs
util/fix-includes
util/fix-includes.sed
util/indent.pro
util/libcrypto.num
util/libssl.num
util/mkbuildinf.pl
util/mkdef.pl
util/mkdir-p.pl
util/mkerr.pl
util/mkrc.pl
util/openssl-format-source
util/openssl-update-copyright
util/opensslwrap.sh
util/perl/OpenSSL/Glob.pm
util/perl/OpenSSL/Test.pm
util/perl/OpenSSL/Test/Simple.pm
util/perl/OpenSSL/Test/Utils.pm
util/perl/OpenSSL/Util/Pod.pm
util/perl/TLSProxy/Alert.pm
util/perl/TLSProxy/Certificate.pm
util/perl/TLSProxy/CertificateRequest.pm
util/perl/TLSProxy/CertificateVerify.pm
util/perl/TLSProxy/ClientHello.pm
util/perl/TLSProxy/EncryptedExtensions.pm
util/perl/TLSProxy/Message.pm
util/perl/TLSProxy/NewSessionTicket.pm
util/perl/TLSProxy/Proxy.pm
util/perl/TLSProxy/Record.pm
util/perl/TLSProxy/ServerHello.pm
util/perl/TLSProxy/ServerKeyExchange.pm
util/perl/checkhandshake.pm
util/perl/with_fallback.pm
util/private.num
util/process_docs.pl
util/shlib_wrap.sh.in
util/su-filter.pl
